2026-05-25 12:32:42,357 INFO metadata_repository backend=DualMetadataRepository(primary=Postgres,fallback=Json)
2026-05-25 12:32:45,552 INFO browser_started framework=playwright browser=chromium channel= headless=False viewport=1920x1080
2026-05-25 12:32:52,012 INFO step_screenshot_saved test=test_tc1_textbox_form_fill_and_submit step=I_open_the_text-box_demo_page keyword=Given path=C:\Users\neela\Documents\locator-healer\locator-healer\artifacts\screenshots\layer1_deterministic\test_tc1_textbox_form_fill_and_submit__step01__I_open_the_text-box_demo_page.png
2026-05-25 12:32:52,926 INFO db_operation backend=DualMetadataRepository operation=find status=ok details={'app_id': 'demo-qa-app', 'page_name': 'text_box', 'element_name': 'full_name', 'result': 'hit'}
2026-05-25 12:32:52,983 INFO db_operation backend=DualMetadataRepository operation=log_event status=ok details={'app_id': 'demo-qa-app', 'page_name': 'text_box', 'element_name': 'full_name', 'stage': 'recover_start'}
2026-05-25 12:32:53,002 INFO db_operation backend=DualMetadataRepository operation=log_event status=ok details={'app_id': 'demo-qa-app', 'page_name': 'text_box', 'element_name': 'full_name', 'stage': 'fallback'}
2026-05-25 12:32:53,915 INFO db_operation backend=DualMetadataRepository operation=log_event status=ok details={'app_id': 'demo-qa-app', 'page_name': 'text_box', 'element_name': 'full_name', 'stage': 'rules'}
2026-05-25 12:32:53,919 INFO db_operation backend=DualMetadataRepository operation=log_event status=ok details={'app_id': 'demo-qa-app', 'page_name': 'text_box', 'element_name': 'full_name', 'stage': 'rules'}
2026-05-25 12:32:53,923 INFO db_operation backend=DualMetadataRepository operation=log_event status=ok details={'app_id': 'demo-qa-app', 'page_name': 'text_box', 'element_name': 'full_name', 'stage': 'rules'}
2026-05-25 12:32:53,927 INFO db_operation backend=DualMetadataRepository operation=log_event status=ok details={'app_id': 'demo-qa-app', 'page_name': 'text_box', 'element_name': 'full_name', 'stage': 'rules'}
2026-05-25 12:32:53,931 INFO db_operation backend=DualMetadataRepository operation=log_event status=ok details={'app_id': 'demo-qa-app', 'page_name': 'text_box', 'element_name': 'full_name', 'stage': 'rules'}
2026-05-25 12:32:53,934 INFO db_operation backend=DualMetadataRepository operation=log_event status=ok details={'app_id': 'demo-qa-app', 'page_name': 'text_box', 'element_name': 'full_name', 'stage': 'rules'}
2026-05-25 12:32:53,938 INFO db_operation backend=DualMetadataRepository operation=log_event status=ok details={'app_id': 'demo-qa-app', 'page_name': 'text_box', 'element_name': 'full_name', 'stage': 'rules'}
2026-05-25 12:32:53,943 INFO db_operation backend=DualMetadataRepository operation=log_event status=ok details={'app_id': 'demo-qa-app', 'page_name': 'text_box', 'element_name': 'full_name', 'stage': 'rules'}
2026-05-25 12:32:53,947 INFO db_operation backend=DualMetadataRepository operation=log_event status=ok details={'app_id': 'demo-qa-app', 'page_name': 'text_box', 'element_name': 'full_name', 'stage': 'rules'}
2026-05-25 12:32:53,951 INFO db_operation backend=DualMetadataRepository operation=log_event status=ok details={'app_id': 'demo-qa-app', 'page_name': 'text_box', 'element_name': 'full_name', 'stage': 'rules'}
2026-05-25 12:32:53,955 INFO db_operation backend=DualMetadataRepository operation=log_event status=ok details={'app_id': 'demo-qa-app', 'page_name': 'text_box', 'element_name': 'full_name', 'stage': 'rules'}
2026-05-25 12:32:53,959 INFO db_operation backend=DualMetadataRepository operation=log_event status=ok details={'app_id': 'demo-qa-app', 'page_name': 'text_box', 'element_name': 'full_name', 'stage': 'rules'}
2026-05-25 12:32:53,963 INFO db_operation backend=DualMetadataRepository operation=log_event status=ok details={'app_id': 'demo-qa-app', 'page_name': 'text_box', 'element_name': 'full_name', 'stage': 'rules'}
2026-05-25 12:32:53,967 INFO db_operation backend=DualMetadataRepository operation=log_event status=ok details={'app_id': 'demo-qa-app', 'page_name': 'text_box', 'element_name': 'full_name', 'stage': 'rules'}
2026-05-25 12:32:58,144 INFO db_operation backend=DualMetadataRepository operation=upsert status=ok details={'app_id': 'demo-qa-app', 'page_name': 'text_box', 'element_name': 'full_name', 'field_type': 'textbox', 'success_count': 57, 'fail_count': 1}
2026-05-25 12:32:58,149 INFO db_operation backend=DualMetadataRepository operation=log_event status=ok details={'app_id': 'demo-qa-app', 'page_name': 'text_box', 'element_name': 'full_name', 'stage': 'recover_end'}
2026-05-25 12:32:58,150 INFO heal_attempt element=full_name field_type=textbox status=success strategy=bidirectional_anchor_field correlation_id=ea6faeafcbc04f67be91db361cece0c1 fallback_xpath=//xh-never-match[@id='full_name-broken'] healed_kind=xpath healed_value=//*[(self::label or self::span) and (normalize-space()='Full Name' or contains(translate(normalize-space(),'ABCDEFGHIJKLMNOPQRSTUVWXYZ','abcdefghijklmnopqrstuvwxyz'),'full name'))]/following::input[not(ancestor::*[@role='grid' or contains(@class,'grid')])][1] uniqueness=1.0 stability=0.88 similarity=0.9 overall=0.932
2026-05-25 12:32:58,266 INFO healed_paths element=full_name selected_kind=xpath selected_value=//*[(self::label or self::span) and (normalize-space()='Full Name' or contains(translate(normalize-space(),'ABCDEFGHIJKLMNOPQRSTUVWXYZ','abcdefghijklmnopqrstuvwxyz'),'full name'))]/following::input[not(ancestor::*[@role='grid' or contains(@class,'grid')])][1] xpath=//*[(self::label or self::span) and (normalize-space()='Full Name' or contains(translate(normalize-space(),'ABCDEFGHIJKLMNOPQRSTUVWXYZ','abcdefghijklmnopqrstuvwxyz'),'full name'))]/following::input[not(ancestor::*[@role='grid' or contains(@class,'grid')])][1] xpath_source=selected_locator css=[placeholder="Full Name"] css_source=metadata.robust_css
2026-05-25 12:32:58,269 INFO db_operation backend=DualMetadataRepository operation=find status=ok details={'app_id': 'demo-qa-app', 'page_name': 'text_box', 'element_name': 'email', 'result': 'hit'}
2026-05-25 12:32:58,274 INFO db_operation backend=DualMetadataRepository operation=log_event status=ok details={'app_id': 'demo-qa-app', 'page_name': 'text_box', 'element_name': 'email', 'stage': 'recover_start'}
2026-05-25 12:32:58,286 INFO db_operation backend=DualMetadataRepository operation=log_event status=ok details={'app_id': 'demo-qa-app', 'page_name': 'text_box', 'element_name': 'email', 'stage': 'fallback'}
2026-05-25 12:32:59,420 INFO db_operation backend=DualMetadataRepository operation=log_event status=ok details={'app_id': 'demo-qa-app', 'page_name': 'text_box', 'element_name': 'email', 'stage': 'rules'}
2026-05-25 12:32:59,424 INFO db_operation backend=DualMetadataRepository operation=log_event status=ok details={'app_id': 'demo-qa-app', 'page_name': 'text_box', 'element_name': 'email', 'stage': 'rules'}
2026-05-25 12:32:59,428 INFO db_operation backend=DualMetadataRepository operation=log_event status=ok details={'app_id': 'demo-qa-app', 'page_name': 'text_box', 'element_name': 'email', 'stage': 'rules'}
2026-05-25 12:32:59,432 INFO db_operation backend=DualMetadataRepository operation=log_event status=ok details={'app_id': 'demo-qa-app', 'page_name': 'text_box', 'element_name': 'email', 'stage': 'rules'}
2026-05-25 12:32:59,436 INFO db_operation backend=DualMetadataRepository operation=log_event status=ok details={'app_id': 'demo-qa-app', 'page_name': 'text_box', 'element_name': 'email', 'stage': 'rules'}
2026-05-25 12:32:59,440 INFO db_operation backend=DualMetadataRepository operation=log_event status=ok details={'app_id': 'demo-qa-app', 'page_name': 'text_box', 'element_name': 'email', 'stage': 'rules'}
2026-05-25 12:32:59,444 INFO db_operation backend=DualMetadataRepository operation=log_event status=ok details={'app_id': 'demo-qa-app', 'page_name': 'text_box', 'element_name': 'email', 'stage': 'rules'}
2026-05-25 12:32:59,447 INFO db_operation backend=DualMetadataRepository operation=log_event status=ok details={'app_id': 'demo-qa-app', 'page_name': 'text_box', 'element_name': 'email', 'stage': 'rules'}
2026-05-25 12:32:59,451 INFO db_operation backend=DualMetadataRepository operation=log_event status=ok details={'app_id': 'demo-qa-app', 'page_name': 'text_box', 'element_name': 'email', 'stage': 'rules'}
2026-05-25 12:32:59,455 INFO db_operation backend=DualMetadataRepository operation=log_event status=ok details={'app_id': 'demo-qa-app', 'page_name': 'text_box', 'element_name': 'email', 'stage': 'rules'}
2026-05-25 12:32:59,460 INFO db_operation backend=DualMetadataRepository operation=log_event status=ok details={'app_id': 'demo-qa-app', 'page_name': 'text_box', 'element_name': 'email', 'stage': 'rules'}
2026-05-25 12:32:59,464 INFO db_operation backend=DualMetadataRepository operation=log_event status=ok details={'app_id': 'demo-qa-app', 'page_name': 'text_box', 'element_name': 'email', 'stage': 'rules'}
2026-05-25 12:32:59,468 INFO db_operation backend=DualMetadataRepository operation=log_event status=ok details={'app_id': 'demo-qa-app', 'page_name': 'text_box', 'element_name': 'email', 'stage': 'rules'}
2026-05-25 12:32:59,471 INFO db_operation backend=DualMetadataRepository operation=log_event status=ok details={'app_id': 'demo-qa-app', 'page_name': 'text_box', 'element_name': 'email', 'stage': 'rules'}
2026-05-25 12:32:59,475 INFO db_operation backend=DualMetadataRepository operation=log_event status=ok details={'app_id': 'demo-qa-app', 'page_name': 'text_box', 'element_name': 'email', 'stage': 'rules'}
2026-05-25 12:32:59,480 INFO db_operation backend=DualMetadataRepository operation=log_event status=ok details={'app_id': 'demo-qa-app', 'page_name': 'text_box', 'element_name': 'email', 'stage': 'rules'}
2026-05-25 12:32:59,484 INFO db_operation backend=DualMetadataRepository operation=log_event status=ok details={'app_id': 'demo-qa-app', 'page_name': 'text_box', 'element_name': 'email', 'stage': 'rules'}
2026-05-25 12:32:59,487 INFO db_operation backend=DualMetadataRepository operation=log_event status=ok details={'app_id': 'demo-qa-app', 'page_name': 'text_box', 'element_name': 'email', 'stage': 'rules'}
2026-05-25 12:33:04,488 INFO db_operation backend=DualMetadataRepository operation=upsert status=ok details={'app_id': 'demo-qa-app', 'page_name': 'text_box', 'element_name': 'email', 'field_type': 'textbox', 'success_count': 57, 'fail_count': 0}
2026-05-25 12:33:04,522 INFO db_operation backend=DualMetadataRepository operation=log_event status=ok details={'app_id': 'demo-qa-app', 'page_name': 'text_box', 'element_name': 'email', 'stage': 'recover_end'}
2026-05-25 12:33:04,530 INFO heal_attempt element=email field_type=textbox status=success strategy=bidirectional_anchor_field correlation_id=18408d6f972c41b4b0553ee0b3a8faf7 fallback_xpath=//xh-never-match[@id='email-broken'] healed_kind=xpath healed_value=//*[(self::label or self::span) and (normalize-space()='Email' or contains(translate(normalize-space(),'ABCDEFGHIJKLMNOPQRSTUVWXYZ','abcdefghijklmnopqrstuvwxyz'),'email'))]/following::input[@type='email' and not(ancestor::*[@role='grid' or contains(@class,'grid')])][1] uniqueness=1.0 stability=0.88 similarity=0.9 overall=0.932
2026-05-25 12:33:04,796 INFO healed_paths element=email selected_kind=xpath selected_value=//*[(self::label or self::span) and (normalize-space()='Email' or contains(translate(normalize-space(),'ABCDEFGHIJKLMNOPQRSTUVWXYZ','abcdefghijklmnopqrstuvwxyz'),'email'))]/following::input[@type='email' and not(ancestor::*[@role='grid' or contains(@class,'grid')])][1] xpath=//*[(self::label or self::span) and (normalize-space()='Email' or contains(translate(normalize-space(),'ABCDEFGHIJKLMNOPQRSTUVWXYZ','abcdefghijklmnopqrstuvwxyz'),'email'))]/following::input[@type='email' and not(ancestor::*[@role='grid' or contains(@class,'grid')])][1] xpath_source=selected_locator css=[placeholder="name@example.com"] css_source=metadata.robust_css
2026-05-25 12:33:04,802 INFO db_operation backend=DualMetadataRepository operation=find status=ok details={'app_id': 'demo-qa-app', 'page_name': 'text_box', 'element_name': 'current_address', 'result': 'hit'}
2026-05-25 12:33:04,810 INFO db_operation backend=DualMetadataRepository operation=log_event status=ok details={'app_id': 'demo-qa-app', 'page_name': 'text_box', 'element_name': 'current_address', 'stage': 'recover_start'}
2026-05-25 12:33:04,833 INFO db_operation backend=DualMetadataRepository operation=log_event status=ok details={'app_id': 'demo-qa-app', 'page_name': 'text_box', 'element_name': 'current_address', 'stage': 'fallback'}
2026-05-25 12:33:06,534 INFO db_operation backend=DualMetadataRepository operation=log_event status=ok details={'app_id': 'demo-qa-app', 'page_name': 'text_box', 'element_name': 'current_address', 'stage': 'rules'}
2026-05-25 12:33:06,540 INFO db_operation backend=DualMetadataRepository operation=log_event status=ok details={'app_id': 'demo-qa-app', 'page_name': 'text_box', 'element_name': 'current_address', 'stage': 'rules'}
2026-05-25 12:33:06,547 INFO db_operation backend=DualMetadataRepository operation=log_event status=ok details={'app_id': 'demo-qa-app', 'page_name': 'text_box', 'element_name': 'current_address', 'stage': 'rules'}
2026-05-25 12:33:06,554 INFO db_operation backend=DualMetadataRepository operation=log_event status=ok details={'app_id': 'demo-qa-app', 'page_name': 'text_box', 'element_name': 'current_address', 'stage': 'rules'}
2026-05-25 12:33:06,561 INFO db_operation backend=DualMetadataRepository operation=log_event status=ok details={'app_id': 'demo-qa-app', 'page_name': 'text_box', 'element_name': 'current_address', 'stage': 'rules'}
2026-05-25 12:33:06,568 INFO db_operation backend=DualMetadataRepository operation=log_event status=ok details={'app_id': 'demo-qa-app', 'page_name': 'text_box', 'element_name': 'current_address', 'stage': 'rules'}
2026-05-25 12:33:06,575 INFO db_operation backend=DualMetadataRepository operation=log_event status=ok details={'app_id': 'demo-qa-app', 'page_name': 'text_box', 'element_name': 'current_address', 'stage': 'rules'}
2026-05-25 12:33:06,582 INFO db_operation backend=DualMetadataRepository operation=log_event status=ok details={'app_id': 'demo-qa-app', 'page_name': 'text_box', 'element_name': 'current_address', 'stage': 'rules'}
2026-05-25 12:33:06,588 INFO db_operation backend=DualMetadataRepository operation=log_event status=ok details={'app_id': 'demo-qa-app', 'page_name': 'text_box', 'element_name': 'current_address', 'stage': 'rules'}
2026-05-25 12:33:06,595 INFO db_operation backend=DualMetadataRepository operation=log_event status=ok details={'app_id': 'demo-qa-app', 'page_name': 'text_box', 'element_name': 'current_address', 'stage': 'rules'}
2026-05-25 12:33:06,602 INFO db_operation backend=DualMetadataRepository operation=log_event status=ok details={'app_id': 'demo-qa-app', 'page_name': 'text_box', 'element_name': 'current_address', 'stage': 'rules'}
2026-05-25 12:33:06,608 INFO db_operation backend=DualMetadataRepository operation=log_event status=ok details={'app_id': 'demo-qa-app', 'page_name': 'text_box', 'element_name': 'current_address', 'stage': 'rules'}
2026-05-25 12:33:06,615 INFO db_operation backend=DualMetadataRepository operation=log_event status=ok details={'app_id': 'demo-qa-app', 'page_name': 'text_box', 'element_name': 'current_address', 'stage': 'rules'}
2026-05-25 12:33:06,622 INFO db_operation backend=DualMetadataRepository operation=log_event status=ok details={'app_id': 'demo-qa-app', 'page_name': 'text_box', 'element_name': 'current_address', 'stage': 'rules'}
2026-05-25 12:33:07,583 INFO db_operation backend=DualMetadataRepository operation=upsert status=ok details={'app_id': 'demo-qa-app', 'page_name': 'text_box', 'element_name': 'current_address', 'field_type': 'textbox', 'success_count': 57, 'fail_count': 0}
2026-05-25 12:33:07,590 INFO db_operation backend=DualMetadataRepository operation=log_event status=ok details={'app_id': 'demo-qa-app', 'page_name': 'text_box', 'element_name': 'current_address', 'stage': 'recover_end'}
2026-05-25 12:33:07,591 INFO heal_attempt element=current_address field_type=textbox status=success strategy=bidirectional_anchor_field correlation_id=2698045e1eff42b1aa516cc2792046f7 fallback_xpath=//xh-never-match[@id='current_address-broken'] healed_kind=xpath healed_value=//*[(self::label or self::span) and (normalize-space()='Current Address' or contains(translate(normalize-space(),'ABCDEFGHIJKLMNOPQRSTUVWXYZ','abcdefghijklmnopqrstuvwxyz'),'current address'))]/following::textarea[not(ancestor::*[@role='grid' or contains(@class,'grid')])][1] uniqueness=1.0 stability=0.85 similarity=0.9 overall=0.92
2026-05-25 12:33:07,659 INFO healed_paths element=current_address selected_kind=xpath selected_value=//*[(self::label or self::span) and (normalize-space()='Current Address' or contains(translate(normalize-space(),'ABCDEFGHIJKLMNOPQRSTUVWXYZ','abcdefghijklmnopqrstuvwxyz'),'current address'))]/following::textarea[not(ancestor::*[@role='grid' or contains(@class,'grid')])][1] xpath=//*[(self::label or self::span) and (normalize-space()='Current Address' or contains(translate(normalize-space(),'ABCDEFGHIJKLMNOPQRSTUVWXYZ','abcdefghijklmnopqrstuvwxyz'),'current address'))]/following::textarea[not(ancestor::*[@role='grid' or contains(@class,'grid')])][1] xpath_source=selected_locator css=[placeholder="Current Address"] css_source=metadata.robust_css
2026-05-25 12:33:07,663 INFO db_operation backend=DualMetadataRepository operation=find status=ok details={'app_id': 'demo-qa-app', 'page_name': 'text_box', 'element_name': 'permanent_address', 'result': 'hit'}
2026-05-25 12:33:07,671 INFO db_operation backend=DualMetadataRepository operation=log_event status=ok details={'app_id': 'demo-qa-app', 'page_name': 'text_box', 'element_name': 'permanent_address', 'stage': 'recover_start'}
2026-05-25 12:33:07,692 INFO db_operation backend=DualMetadataRepository operation=log_event status=ok details={'app_id': 'demo-qa-app', 'page_name': 'text_box', 'element_name': 'permanent_address', 'stage': 'fallback'}
2026-05-25 12:33:09,421 INFO db_operation backend=DualMetadataRepository operation=log_event status=ok details={'app_id': 'demo-qa-app', 'page_name': 'text_box', 'element_name': 'permanent_address', 'stage': 'rules'}
2026-05-25 12:33:09,428 INFO db_operation backend=DualMetadataRepository operation=log_event status=ok details={'app_id': 'demo-qa-app', 'page_name': 'text_box', 'element_name': 'permanent_address', 'stage': 'rules'}
2026-05-25 12:33:09,435 INFO db_operation backend=DualMetadataRepository operation=log_event status=ok details={'app_id': 'demo-qa-app', 'page_name': 'text_box', 'element_name': 'permanent_address', 'stage': 'rules'}
2026-05-25 12:33:09,442 INFO db_operation backend=DualMetadataRepository operation=log_event status=ok details={'app_id': 'demo-qa-app', 'page_name': 'text_box', 'element_name': 'permanent_address', 'stage': 'rules'}
2026-05-25 12:33:09,450 INFO db_operation backend=DualMetadataRepository operation=log_event status=ok details={'app_id': 'demo-qa-app', 'page_name': 'text_box', 'element_name': 'permanent_address', 'stage': 'rules'}
2026-05-25 12:33:09,458 INFO db_operation backend=DualMetadataRepository operation=log_event status=ok details={'app_id': 'demo-qa-app', 'page_name': 'text_box', 'element_name': 'permanent_address', 'stage': 'rules'}
2026-05-25 12:33:09,466 INFO db_operation backend=DualMetadataRepository operation=log_event status=ok details={'app_id': 'demo-qa-app', 'page_name': 'text_box', 'element_name': 'permanent_address', 'stage': 'rules'}
2026-05-25 12:33:09,473 INFO db_operation backend=DualMetadataRepository operation=log_event status=ok details={'app_id': 'demo-qa-app', 'page_name': 'text_box', 'element_name': 'permanent_address', 'stage': 'rules'}
2026-05-25 12:33:09,480 INFO db_operation backend=DualMetadataRepository operation=log_event status=ok details={'app_id': 'demo-qa-app', 'page_name': 'text_box', 'element_name': 'permanent_address', 'stage': 'rules'}
2026-05-25 12:33:09,487 INFO db_operation backend=DualMetadataRepository operation=log_event status=ok details={'app_id': 'demo-qa-app', 'page_name': 'text_box', 'element_name': 'permanent_address', 'stage': 'rules'}
2026-05-25 12:33:09,495 INFO db_operation backend=DualMetadataRepository operation=log_event status=ok details={'app_id': 'demo-qa-app', 'page_name': 'text_box', 'element_name': 'permanent_address', 'stage': 'rules'}
2026-05-25 12:33:09,502 INFO db_operation backend=DualMetadataRepository operation=log_event status=ok details={'app_id': 'demo-qa-app', 'page_name': 'text_box', 'element_name': 'permanent_address', 'stage': 'rules'}
2026-05-25 12:33:09,510 INFO db_operation backend=DualMetadataRepository operation=log_event status=ok details={'app_id': 'demo-qa-app', 'page_name': 'text_box', 'element_name': 'permanent_address', 'stage': 'rules'}
2026-05-25 12:33:09,517 INFO db_operation backend=DualMetadataRepository operation=log_event status=ok details={'app_id': 'demo-qa-app', 'page_name': 'text_box', 'element_name': 'permanent_address', 'stage': 'rules'}
2026-05-25 12:33:10,348 INFO db_operation backend=DualMetadataRepository operation=upsert status=ok details={'app_id': 'demo-qa-app', 'page_name': 'text_box', 'element_name': 'permanent_address', 'field_type': 'textbox', 'success_count': 57, 'fail_count': 0}
2026-05-25 12:33:10,356 INFO db_operation backend=DualMetadataRepository operation=log_event status=ok details={'app_id': 'demo-qa-app', 'page_name': 'text_box', 'element_name': 'permanent_address', 'stage': 'recover_end'}
2026-05-25 12:33:10,358 INFO heal_attempt element=permanent_address field_type=textbox status=success strategy=bidirectional_anchor_field correlation_id=0d557d669ff94294adcc637de984fc4b fallback_xpath=//xh-never-match[@id='permanent_address-broken'] healed_kind=xpath healed_value=//*[(self::label or self::span) and (normalize-space()='Permanent Address' or contains(translate(normalize-space(),'ABCDEFGHIJKLMNOPQRSTUVWXYZ','abcdefghijklmnopqrstuvwxyz'),'permanent address'))]/following::textarea[not(ancestor::*[@role='grid' or contains(@class,'grid')])][1] uniqueness=1.0 stability=0.82 similarity=0.35 overall=0.798
2026-05-25 12:33:10,427 INFO healed_paths element=permanent_address selected_kind=xpath selected_value=//*[(self::label or self::span) and (normalize-space()='Permanent Address' or contains(translate(normalize-space(),'ABCDEFGHIJKLMNOPQRSTUVWXYZ','abcdefghijklmnopqrstuvwxyz'),'permanent address'))]/following::textarea[not(ancestor::*[@role='grid' or contains(@class,'grid')])][1] xpath=//*[(self::label or self::span) and (normalize-space()='Permanent Address' or contains(translate(normalize-space(),'ABCDEFGHIJKLMNOPQRSTUVWXYZ','abcdefghijklmnopqrstuvwxyz'),'permanent address'))]/following::textarea[not(ancestor::*[@role='grid' or contains(@class,'grid')])][1] xpath_source=selected_locator css=textarea css_source=metadata.robust_css
2026-05-25 12:33:10,923 INFO step_screenshot_saved test=test_tc1_textbox_form_fill_and_submit step=I_heal_and_fill_all_text-box_form_fields keyword=When path=C:\Users\neela\Documents\locator-healer\locator-healer\artifacts\screenshots\layer1_deterministic\test_tc1_textbox_form_fill_and_submit__step02__I_heal_and_fill_all_text-box_form_fields.png
2026-05-25 12:33:10,929 INFO db_operation backend=DualMetadataRepository operation=find status=ok details={'app_id': 'demo-qa-app', 'page_name': 'text_box', 'element_name': 'submit', 'result': 'hit'}
2026-05-25 12:33:10,937 INFO db_operation backend=DualMetadataRepository operation=log_event status=ok details={'app_id': 'demo-qa-app', 'page_name': 'text_box', 'element_name': 'submit', 'stage': 'recover_start'}
2026-05-25 12:33:10,959 INFO db_operation backend=DualMetadataRepository operation=log_event status=ok details={'app_id': 'demo-qa-app', 'page_name': 'text_box', 'element_name': 'submit', 'stage': 'fallback'}
2026-05-25 12:33:12,628 INFO db_operation backend=DualMetadataRepository operation=log_event status=ok details={'app_id': 'demo-qa-app', 'page_name': 'text_box', 'element_name': 'submit', 'stage': 'rules'}
2026-05-25 12:33:12,635 INFO db_operation backend=DualMetadataRepository operation=log_event status=ok details={'app_id': 'demo-qa-app', 'page_name': 'text_box', 'element_name': 'submit', 'stage': 'rules'}
2026-05-25 12:33:12,642 INFO db_operation backend=DualMetadataRepository operation=log_event status=ok details={'app_id': 'demo-qa-app', 'page_name': 'text_box', 'element_name': 'submit', 'stage': 'rules'}
2026-05-25 12:33:12,648 INFO db_operation backend=DualMetadataRepository operation=log_event status=ok details={'app_id': 'demo-qa-app', 'page_name': 'text_box', 'element_name': 'submit', 'stage': 'rules'}
2026-05-25 12:33:12,656 INFO db_operation backend=DualMetadataRepository operation=log_event status=ok details={'app_id': 'demo-qa-app', 'page_name': 'text_box', 'element_name': 'submit', 'stage': 'rules'}
2026-05-25 12:33:12,663 INFO db_operation backend=DualMetadataRepository operation=log_event status=ok details={'app_id': 'demo-qa-app', 'page_name': 'text_box', 'element_name': 'submit', 'stage': 'rules'}
2026-05-25 12:33:12,670 INFO db_operation backend=DualMetadataRepository operation=log_event status=ok details={'app_id': 'demo-qa-app', 'page_name': 'text_box', 'element_name': 'submit', 'stage': 'rules'}
2026-05-25 12:33:12,677 INFO db_operation backend=DualMetadataRepository operation=log_event status=ok details={'app_id': 'demo-qa-app', 'page_name': 'text_box', 'element_name': 'submit', 'stage': 'rules'}
2026-05-25 12:33:12,683 INFO db_operation backend=DualMetadataRepository operation=log_event status=ok details={'app_id': 'demo-qa-app', 'page_name': 'text_box', 'element_name': 'submit', 'stage': 'rules'}
2026-05-25 12:33:12,691 INFO db_operation backend=DualMetadataRepository operation=log_event status=ok details={'app_id': 'demo-qa-app', 'page_name': 'text_box', 'element_name': 'submit', 'stage': 'rules'}
2026-05-25 12:33:12,701 INFO db_operation backend=DualMetadataRepository operation=log_event status=ok details={'app_id': 'demo-qa-app', 'page_name': 'text_box', 'element_name': 'submit', 'stage': 'rules'}
2026-05-25 12:33:12,709 INFO db_operation backend=DualMetadataRepository operation=log_event status=ok details={'app_id': 'demo-qa-app', 'page_name': 'text_box', 'element_name': 'submit', 'stage': 'rules'}
2026-05-25 12:33:12,717 INFO db_operation backend=DualMetadataRepository operation=log_event status=ok details={'app_id': 'demo-qa-app', 'page_name': 'text_box', 'element_name': 'submit', 'stage': 'rules'}
2026-05-25 12:33:13,453 INFO db_operation backend=DualMetadataRepository operation=upsert status=ok details={'app_id': 'demo-qa-app', 'page_name': 'text_box', 'element_name': 'submit', 'field_type': 'button', 'success_count': 57, 'fail_count': 0}
2026-05-25 12:33:13,461 INFO db_operation backend=DualMetadataRepository operation=log_event status=ok details={'app_id': 'demo-qa-app', 'page_name': 'text_box', 'element_name': 'submit', 'stage': 'recover_end'}
2026-05-25 12:33:13,462 INFO heal_attempt element=submit field_type=button status=success strategy=button_text_candidate correlation_id=8c0183bba69b47c1b39012c085c7b5fd fallback_xpath=//xh-never-match[@id='submit-broken'] healed_kind=role healed_value=button uniqueness=1.0 stability=0.93 similarity=0.9 overall=0.952
2026-05-25 12:33:13,528 INFO healed_paths element=submit selected_kind=role selected_value=button xpath=//button[contains(normalize-space(), 'submit')] xpath_source=metadata.robust_xpath css=#submit css_source=metadata.robust_css
2026-05-25 12:33:14,029 INFO step_screenshot_saved test=test_tc1_textbox_form_fill_and_submit step=I_heal_and_click_the_text-box_submit_button keyword=And path=C:\Users\neela\Documents\locator-healer\locator-healer\artifacts\screenshots\layer1_deterministic\test_tc1_textbox_form_fill_and_submit__step03__I_heal_and_click_the_text-box_submit_button.png
2026-05-25 12:33:14,369 INFO step_screenshot_saved test=test_tc1_textbox_form_fill_and_submit step=I_should_see_submitted_text-box_output_values keyword=Then path=C:\Users\neela\Documents\locator-healer\locator-healer\artifacts\screenshots\layer1_deterministic\test_tc1_textbox_form_fill_and_submit__step04__I_should_see_submitted_text-box_output_values.png
2026-05-25 12:33:14,680 INFO step_screenshot_saved test=test_tc1_textbox_form_fill_and_submit step=trace_logs_should_contain_expected_healing_stages keyword=And path=C:\Users\neela\Documents\locator-healer\locator-healer\artifacts\screenshots\layer1_deterministic\test_tc1_textbox_form_fill_and_submit__step05__trace_logs_should_contain_expected_healing_stages.png
2026-05-25 12:33:14,999 INFO screenshot_saved test=test_tc1_textbox_form_fill_and_submit path=C:\Users\neela\Documents\locator-healer\locator-healer\artifacts\screenshots\layer1_deterministic\test_tc1_textbox_form_fill_and_submit__final.png
2026-05-25 12:33:15,225 INFO video_saved test=test_tc1_textbox_form_fill_and_submit path=C:\Users\neela\Documents\locator-healer\locator-healer\artifacts\videos\layer1_deterministic\test_tc1_textbox_form_fill_and_submit.webm
2026-05-25 12:33:17,793 INFO browser_started framework=playwright browser=chromium channel= headless=False viewport=1920x1080
2026-05-25 12:33:24,887 INFO step_screenshot_saved test=test_tc2_checkbox_tree_expand_and_select_desktop__excel step=I_open_the_checkbox_demo_page keyword=Given path=C:\Users\neela\Documents\locator-healer\locator-healer\artifacts\screenshots\layer1_deterministic\test_tc2_checkbox_tree_expand_and_select_desktop__excel__step01__I_open_the_checkbox_demo_page.png
2026-05-25 12:33:24,892 INFO db_operation backend=DualMetadataRepository operation=find status=ok details={'app_id': 'demo-qa-app', 'page_name': 'checkbox', 'element_name': 'home_expand_button', 'result': 'hit'}
2026-05-25 12:33:24,901 INFO db_operation backend=DualMetadataRepository operation=log_event status=ok details={'app_id': 'demo-qa-app', 'page_name': 'checkbox', 'element_name': 'home_expand_button', 'stage': 'recover_start'}
2026-05-25 12:33:24,930 INFO db_operation backend=DualMetadataRepository operation=log_event status=ok details={'app_id': 'demo-qa-app', 'page_name': 'checkbox', 'element_name': 'home_expand_button', 'stage': 'fallback'}
2026-05-25 12:33:25,908 INFO db_operation backend=DualMetadataRepository operation=log_event status=ok details={'app_id': 'demo-qa-app', 'page_name': 'checkbox', 'element_name': 'home_expand_button', 'stage': 'rules'}
2026-05-25 12:33:25,916 INFO db_operation backend=DualMetadataRepository operation=log_event status=ok details={'app_id': 'demo-qa-app', 'page_name': 'checkbox', 'element_name': 'home_expand_button', 'stage': 'rules'}
2026-05-25 12:33:25,923 INFO db_operation backend=DualMetadataRepository operation=log_event status=ok details={'app_id': 'demo-qa-app', 'page_name': 'checkbox', 'element_name': 'home_expand_button', 'stage': 'rules'}
2026-05-25 12:33:25,931 INFO db_operation backend=DualMetadataRepository operation=log_event status=ok details={'app_id': 'demo-qa-app', 'page_name': 'checkbox', 'element_name': 'home_expand_button', 'stage': 'rules'}
2026-05-25 12:33:25,938 INFO db_operation backend=DualMetadataRepository operation=log_event status=ok details={'app_id': 'demo-qa-app', 'page_name': 'checkbox', 'element_name': 'home_expand_button', 'stage': 'rules'}
2026-05-25 12:33:25,944 INFO db_operation backend=DualMetadataRepository operation=log_event status=ok details={'app_id': 'demo-qa-app', 'page_name': 'checkbox', 'element_name': 'home_expand_button', 'stage': 'rules'}
2026-05-25 12:33:25,951 INFO db_operation backend=DualMetadataRepository operation=log_event status=ok details={'app_id': 'demo-qa-app', 'page_name': 'checkbox', 'element_name': 'home_expand_button', 'stage': 'rules'}
2026-05-25 12:33:25,959 INFO db_operation backend=DualMetadataRepository operation=log_event status=ok details={'app_id': 'demo-qa-app', 'page_name': 'checkbox', 'element_name': 'home_expand_button', 'stage': 'rules'}
2026-05-25 12:33:25,966 INFO db_operation backend=DualMetadataRepository operation=log_event status=ok details={'app_id': 'demo-qa-app', 'page_name': 'checkbox', 'element_name': 'home_expand_button', 'stage': 'rules'}
2026-05-25 12:33:25,973 INFO db_operation backend=DualMetadataRepository operation=log_event status=ok details={'app_id': 'demo-qa-app', 'page_name': 'checkbox', 'element_name': 'home_expand_button', 'stage': 'rules'}
2026-05-25 12:33:25,980 INFO db_operation backend=DualMetadataRepository operation=log_event status=ok details={'app_id': 'demo-qa-app', 'page_name': 'checkbox', 'element_name': 'home_expand_button', 'stage': 'rules'}
2026-05-25 12:33:25,987 INFO db_operation backend=DualMetadataRepository operation=log_event status=ok details={'app_id': 'demo-qa-app', 'page_name': 'checkbox', 'element_name': 'home_expand_button', 'stage': 'rules'}
2026-05-25 12:33:25,994 INFO db_operation backend=DualMetadataRepository operation=log_event status=ok details={'app_id': 'demo-qa-app', 'page_name': 'checkbox', 'element_name': 'home_expand_button', 'stage': 'rules'}
2026-05-25 12:33:26,001 INFO db_operation backend=DualMetadataRepository operation=log_event status=ok details={'app_id': 'demo-qa-app', 'page_name': 'checkbox', 'element_name': 'home_expand_button', 'stage': 'rules'}
2026-05-25 12:33:26,008 INFO db_operation backend=DualMetadataRepository operation=log_event status=ok details={'app_id': 'demo-qa-app', 'page_name': 'checkbox', 'element_name': 'home_expand_button', 'stage': 'rules'}
2026-05-25 12:33:26,014 INFO db_operation backend=DualMetadataRepository operation=log_event status=ok details={'app_id': 'demo-qa-app', 'page_name': 'checkbox', 'element_name': 'home_expand_button', 'stage': 'rules'}
2026-05-25 12:33:26,996 INFO db_operation backend=DualMetadataRepository operation=upsert status=ok details={'app_id': 'demo-qa-app', 'page_name': 'checkbox', 'element_name': 'home_expand_button', 'field_type': 'button', 'success_count': 43, 'fail_count': 1}
2026-05-25 12:33:27,003 INFO db_operation backend=DualMetadataRepository operation=log_event status=ok details={'app_id': 'demo-qa-app', 'page_name': 'checkbox', 'element_name': 'home_expand_button', 'stage': 'recover_end'}
2026-05-25 12:33:27,005 INFO heal_attempt element=home_expand_button field_type=button status=success strategy=label_proximity_interactable correlation_id=ba5b4c813f3e4ce09806bcefe3c1f0f1 fallback_xpath=//xh-never-match[@id='home_expand_button-broken'] healed_kind=xpath healed_value=//*[self::label or self::span][normalize-space()='Home' or contains(translate(normalize-space(),'ABCDEFGHIJKLMNOPQRSTUVWXYZ','abcdefghijklmnopqrstuvwxyz'),'home')]//*[self::button and (contains(@class,'toggle') or contains(@class,'expand') or contains(@class,'collapse') or contains(@class,'rct-') or contains(translate(normalize-space(@aria-label),'ABCDEFGHIJKLMNOPQRSTUVWXYZ','abcdefghijklmnopqrstuvwxyz'),'toggle') or contains(translate(normalize-space(@aria-label),'ABCDEFGHIJKLMNOPQRSTUVWXYZ','abcdefghijklmnopqrstuvwxyz'),'expand') or contains(translate(normalize-space(@aria-label),'ABCDEFGHIJKLMNOPQRSTUVWXYZ','abcdefghijklmnopqrstuvwxyz'),'collapse'))][1] uniqueness=1.0 stability=0.8 similarity=0.9 overall=0.9
2026-05-25 12:33:27,081 INFO healed_paths element=home_expand_button selected_kind=xpath selected_value=//*[self::label or self::span][normalize-space()='Home' or contains(translate(normalize-space(),'ABCDEFGHIJKLMNOPQRSTUVWXYZ','abcdefghijklmnopqrstuvwxyz'),'home')]//*[self::button and (contains(@class,'toggle') or contains(@class,'expand') or contains(@class,'collapse') or contains(@class,'rct-') or contains(translate(normalize-space(@aria-label),'ABCDEFGHIJKLMNOPQRSTUVWXYZ','abcdefghijklmnopqrstuvwxyz'),'toggle') or contains(translate(normalize-space(@aria-label),'ABCDEFGHIJKLMNOPQRSTUVWXYZ','abcdefghijklmnopqrstuvwxyz'),'expand') or contains(translate(normalize-space(@aria-label),'ABCDEFGHIJKLMNOPQRSTUVWXYZ','abcdefghijklmnopqrstuvwxyz'),'collapse'))][1] xpath=//*[self::label or self::span][normalize-space()='Home' or contains(translate(normalize-space(),'ABCDEFGHIJKLMNOPQRSTUVWXYZ','abcdefghijklmnopqrstuvwxyz'),'home')]//*[self::button and (contains(@class,'toggle') or contains(@class,'expand') or contains(@class,'collapse') or contains(@class,'rct-') or contains(translate(normalize-space(@aria-label),'ABCDEFGHIJKLMNOPQRSTUVWXYZ','abcdefghijklmnopqrstuvwxyz'),'toggle') or contains(translate(normalize-space(@aria-label),'ABCDEFGHIJKLMNOPQRSTUVWXYZ','abcdefghijklmnopqrstuvwxyz'),'expand') or contains(translate(normalize-space(@aria-label),'ABCDEFGHIJKLMNOPQRSTUVWXYZ','abcdefghijklmnopqrstuvwxyz'),'collapse'))][1] xpath_source=selected_locator css=[aria-label="Toggle"] css_source=metadata.robust_css
2026-05-25 12:33:27,465 INFO step_screenshot_saved test=test_tc2_checkbox_tree_expand_and_select_desktop__excel step=I_heal_and_click_the_expand_button_for_Home keyword=When path=C:\Users\neela\Documents\locator-healer\locator-healer\artifacts\screenshots\layer1_deterministic\test_tc2_checkbox_tree_expand_and_select_desktop__excel__step02__I_heal_and_click_the_expand_button_for_Home.png
2026-05-25 12:33:27,472 INFO db_operation backend=DualMetadataRepository operation=find status=ok details={'app_id': 'demo-qa-app', 'page_name': 'checkbox', 'element_name': 'desktop_checkbox_icon', 'result': 'hit'}
2026-05-25 12:33:27,480 INFO db_operation backend=DualMetadataRepository operation=log_event status=ok details={'app_id': 'demo-qa-app', 'page_name': 'checkbox', 'element_name': 'desktop_checkbox_icon', 'stage': 'recover_start'}
2026-05-25 12:33:27,504 INFO db_operation backend=DualMetadataRepository operation=log_event status=ok details={'app_id': 'demo-qa-app', 'page_name': 'checkbox', 'element_name': 'desktop_checkbox_icon', 'stage': 'fallback'}
2026-05-25 12:33:29,767 INFO db_operation backend=DualMetadataRepository operation=log_event status=ok details={'app_id': 'demo-qa-app', 'page_name': 'checkbox', 'element_name': 'desktop_checkbox_icon', 'stage': 'rules'}
2026-05-25 12:33:29,774 INFO db_operation backend=DualMetadataRepository operation=log_event status=ok details={'app_id': 'demo-qa-app', 'page_name': 'checkbox', 'element_name': 'desktop_checkbox_icon', 'stage': 'rules'}
2026-05-25 12:33:29,780 INFO db_operation backend=DualMetadataRepository operation=log_event status=ok details={'app_id': 'demo-qa-app', 'page_name': 'checkbox', 'element_name': 'desktop_checkbox_icon', 'stage': 'rules'}
2026-05-25 12:33:29,788 INFO db_operation backend=DualMetadataRepository operation=log_event status=ok details={'app_id': 'demo-qa-app', 'page_name': 'checkbox', 'element_name': 'desktop_checkbox_icon', 'stage': 'rules'}
2026-05-25 12:33:29,795 INFO db_operation backend=DualMetadataRepository operation=log_event status=ok details={'app_id': 'demo-qa-app', 'page_name': 'checkbox', 'element_name': 'desktop_checkbox_icon', 'stage': 'rules'}
2026-05-25 12:33:29,802 INFO db_operation backend=DualMetadataRepository operation=log_event status=ok details={'app_id': 'demo-qa-app', 'page_name': 'checkbox', 'element_name': 'desktop_checkbox_icon', 'stage': 'rules'}
2026-05-25 12:33:29,809 INFO db_operation backend=DualMetadataRepository operation=log_event status=ok details={'app_id': 'demo-qa-app', 'page_name': 'checkbox', 'element_name': 'desktop_checkbox_icon', 'stage': 'rules'}
2026-05-25 12:33:29,816 INFO db_operation backend=DualMetadataRepository operation=log_event status=ok details={'app_id': 'demo-qa-app', 'page_name': 'checkbox', 'element_name': 'desktop_checkbox_icon', 'stage': 'rules'}
2026-05-25 12:33:29,822 INFO db_operation backend=DualMetadataRepository operation=log_event status=ok details={'app_id': 'demo-qa-app', 'page_name': 'checkbox', 'element_name': 'desktop_checkbox_icon', 'stage': 'rules'}
2026-05-25 12:33:29,829 INFO db_operation backend=DualMetadataRepository operation=log_event status=ok details={'app_id': 'demo-qa-app', 'page_name': 'checkbox', 'element_name': 'desktop_checkbox_icon', 'stage': 'rules'}
2026-05-25 12:33:29,835 INFO db_operation backend=DualMetadataRepository operation=log_event status=ok details={'app_id': 'demo-qa-app', 'page_name': 'checkbox', 'element_name': 'desktop_checkbox_icon', 'stage': 'rules'}
2026-05-25 12:33:29,842 INFO db_operation backend=DualMetadataRepository operation=log_event status=ok details={'app_id': 'demo-qa-app', 'page_name': 'checkbox', 'element_name': 'desktop_checkbox_icon', 'stage': 'rules'}
2026-05-25 12:33:29,849 INFO db_operation backend=DualMetadataRepository operation=log_event status=ok details={'app_id': 'demo-qa-app', 'page_name': 'checkbox', 'element_name': 'desktop_checkbox_icon', 'stage': 'rules'}
2026-05-25 12:33:29,856 INFO db_operation backend=DualMetadataRepository operation=log_event status=ok details={'app_id': 'demo-qa-app', 'page_name': 'checkbox', 'element_name': 'desktop_checkbox_icon', 'stage': 'rules'}
2026-05-25 12:33:30,642 INFO db_operation backend=DualMetadataRepository operation=upsert status=ok details={'app_id': 'demo-qa-app', 'page_name': 'checkbox', 'element_name': 'desktop_checkbox_icon', 'field_type': 'checkbox', 'success_count': 40, 'fail_count': 2}
2026-05-25 12:33:30,649 INFO db_operation backend=DualMetadataRepository operation=log_event status=ok details={'app_id': 'demo-qa-app', 'page_name': 'checkbox', 'element_name': 'desktop_checkbox_icon', 'stage': 'recover_end'}
2026-05-25 12:33:30,650 INFO heal_attempt element=desktop_checkbox_icon field_type=checkbox status=success strategy=label_proximity_interactable correlation_id=b2372bec70584dadb5b55c95cababb3e fallback_xpath=//xh-never-match[@id='desktop_checkbox_icon-broken'] healed_kind=xpath healed_value=//*[self::label or self::span][normalize-space()='Desktop' or contains(translate(normalize-space(),'ABCDEFGHIJKLMNOPQRSTUVWXYZ','abcdefghijklmnopqrstuvwxyz'),'desktop')]/ancestor::*[self::label or self::li or self::div][1]//*[contains(@class,'checkbox')][1] uniqueness=1.0 stability=0.64 similarity=0.35 overall=0.726
2026-05-25 12:33:30,719 INFO healed_paths element=desktop_checkbox_icon selected_kind=xpath selected_value=//*[self::label or self::span][normalize-space()='Desktop' or contains(translate(normalize-space(),'ABCDEFGHIJKLMNOPQRSTUVWXYZ','abcdefghijklmnopqrstuvwxyz'),'desktop')]/ancestor::*[self::label or self::li or self::div][1]//*[contains(@class,'checkbox')][1] xpath=//*[self::label or self::span][normalize-space()='Desktop' or contains(translate(normalize-space(),'ABCDEFGHIJKLMNOPQRSTUVWXYZ','abcdefghijklmnopqrstuvwxyz'),'desktop')]/ancestor::*[self::label or self::li or self::div][1]//*[contains(@class,'checkbox')][1] xpath_source=selected_locator css=div.react-checkbox-tree.rct-icons-fa4:nth-of-type(1) > ol:nth-of-type(1) > li.rct-node.rct-node-parent:nth-of-type(1) > ol:nth-of-type(1) > li.rct-node.rct-node-parent:nth-of-type(1) > span.rct-text:nth-of-type(1) > label:nth-of-type(1) > span.rct-checkbox:nth-of-type(1) css_source=metadata.robust_css
2026-05-25 12:33:31,108 INFO step_screenshot_saved test=test_tc2_checkbox_tree_expand_and_select_desktop__excel step=I_heal_and_click_the_Desktop_checkbox_icon keyword=And path=C:\Users\neela\Documents\locator-healer\locator-healer\artifacts\screenshots\layer1_deterministic\test_tc2_checkbox_tree_expand_and_select_desktop__excel__step03__I_heal_and_click_the_Desktop_checkbox_icon.png
2026-05-25 12:33:31,113 INFO db_operation backend=DualMetadataRepository operation=find status=ok details={'app_id': 'demo-qa-app', 'page_name': 'checkbox', 'element_name': 'downloads_expand_button', 'result': 'hit'}
2026-05-25 12:33:31,122 INFO db_operation backend=DualMetadataRepository operation=log_event status=ok details={'app_id': 'demo-qa-app', 'page_name': 'checkbox', 'element_name': 'downloads_expand_button', 'stage': 'recover_start'}
2026-05-25 12:33:31,144 INFO db_operation backend=DualMetadataRepository operation=log_event status=ok details={'app_id': 'demo-qa-app', 'page_name': 'checkbox', 'element_name': 'downloads_expand_button', 'stage': 'fallback'}
2026-05-25 12:33:32,653 INFO db_operation backend=DualMetadataRepository operation=log_event status=ok details={'app_id': 'demo-qa-app', 'page_name': 'checkbox', 'element_name': 'downloads_expand_button', 'stage': 'rules'}
2026-05-25 12:33:32,661 INFO db_operation backend=DualMetadataRepository operation=log_event status=ok details={'app_id': 'demo-qa-app', 'page_name': 'checkbox', 'element_name': 'downloads_expand_button', 'stage': 'rules'}
2026-05-25 12:33:32,667 INFO db_operation backend=DualMetadataRepository operation=log_event status=ok details={'app_id': 'demo-qa-app', 'page_name': 'checkbox', 'element_name': 'downloads_expand_button', 'stage': 'rules'}
2026-05-25 12:33:32,674 INFO db_operation backend=DualMetadataRepository operation=log_event status=ok details={'app_id': 'demo-qa-app', 'page_name': 'checkbox', 'element_name': 'downloads_expand_button', 'stage': 'rules'}
2026-05-25 12:33:32,681 INFO db_operation backend=DualMetadataRepository operation=log_event status=ok details={'app_id': 'demo-qa-app', 'page_name': 'checkbox', 'element_name': 'downloads_expand_button', 'stage': 'rules'}
2026-05-25 12:33:32,688 INFO db_operation backend=DualMetadataRepository operation=log_event status=ok details={'app_id': 'demo-qa-app', 'page_name': 'checkbox', 'element_name': 'downloads_expand_button', 'stage': 'rules'}
2026-05-25 12:33:32,695 INFO db_operation backend=DualMetadataRepository operation=log_event status=ok details={'app_id': 'demo-qa-app', 'page_name': 'checkbox', 'element_name': 'downloads_expand_button', 'stage': 'rules'}
2026-05-25 12:33:32,702 INFO db_operation backend=DualMetadataRepository operation=log_event status=ok details={'app_id': 'demo-qa-app', 'page_name': 'checkbox', 'element_name': 'downloads_expand_button', 'stage': 'rules'}
2026-05-25 12:33:32,709 INFO db_operation backend=DualMetadataRepository operation=log_event status=ok details={'app_id': 'demo-qa-app', 'page_name': 'checkbox', 'element_name': 'downloads_expand_button', 'stage': 'rules'}
2026-05-25 12:33:32,716 INFO db_operation backend=DualMetadataRepository operation=log_event status=ok details={'app_id': 'demo-qa-app', 'page_name': 'checkbox', 'element_name': 'downloads_expand_button', 'stage': 'rules'}
2026-05-25 12:33:32,723 INFO db_operation backend=DualMetadataRepository operation=log_event status=ok details={'app_id': 'demo-qa-app', 'page_name': 'checkbox', 'element_name': 'downloads_expand_button', 'stage': 'rules'}
2026-05-25 12:33:32,730 INFO db_operation backend=DualMetadataRepository operation=log_event status=ok details={'app_id': 'demo-qa-app', 'page_name': 'checkbox', 'element_name': 'downloads_expand_button', 'stage': 'rules'}
2026-05-25 12:33:32,736 INFO db_operation backend=DualMetadataRepository operation=log_event status=ok details={'app_id': 'demo-qa-app', 'page_name': 'checkbox', 'element_name': 'downloads_expand_button', 'stage': 'rules'}
2026-05-25 12:33:32,744 INFO db_operation backend=DualMetadataRepository operation=log_event status=ok details={'app_id': 'demo-qa-app', 'page_name': 'checkbox', 'element_name': 'downloads_expand_button', 'stage': 'rules'}
2026-05-25 12:33:32,751 INFO db_operation backend=DualMetadataRepository operation=log_event status=ok details={'app_id': 'demo-qa-app', 'page_name': 'checkbox', 'element_name': 'downloads_expand_button', 'stage': 'rules'}
2026-05-25 12:33:32,757 INFO db_operation backend=DualMetadataRepository operation=log_event status=ok details={'app_id': 'demo-qa-app', 'page_name': 'checkbox', 'element_name': 'downloads_expand_button', 'stage': 'rules'}
2026-05-25 12:33:33,512 INFO db_operation backend=DualMetadataRepository operation=upsert status=ok details={'app_id': 'demo-qa-app', 'page_name': 'checkbox', 'element_name': 'downloads_expand_button', 'field_type': 'button', 'success_count': 39, 'fail_count': 1}
2026-05-25 12:33:33,519 INFO db_operation backend=DualMetadataRepository operation=log_event status=ok details={'app_id': 'demo-qa-app', 'page_name': 'checkbox', 'element_name': 'downloads_expand_button', 'stage': 'recover_end'}
2026-05-25 12:33:33,521 INFO heal_attempt element=downloads_expand_button field_type=button status=success strategy=label_proximity_interactable correlation_id=a9c61c58c63b4148baba9ae4982e01f7 fallback_xpath=//xh-never-match[@id='downloads_expand_button-broken'] healed_kind=xpath healed_value=//*[self::label or self::span][normalize-space()='Downloads' or contains(translate(normalize-space(),'ABCDEFGHIJKLMNOPQRSTUVWXYZ','abcdefghijklmnopqrstuvwxyz'),'downloads')]//*[self::button and (contains(@class,'toggle') or contains(@class,'expand') or contains(@class,'collapse') or contains(@class,'rct-') or contains(translate(normalize-space(@aria-label),'ABCDEFGHIJKLMNOPQRSTUVWXYZ','abcdefghijklmnopqrstuvwxyz'),'toggle') or contains(translate(normalize-space(@aria-label),'ABCDEFGHIJKLMNOPQRSTUVWXYZ','abcdefghijklmnopqrstuvwxyz'),'expand') or contains(translate(normalize-space(@aria-label),'ABCDEFGHIJKLMNOPQRSTUVWXYZ','abcdefghijklmnopqrstuvwxyz'),'collapse'))][1] uniqueness=1.0 stability=0.8 similarity=0.9 overall=0.9
2026-05-25 12:33:33,588 INFO healed_paths element=downloads_expand_button selected_kind=xpath selected_value=//*[self::label or self::span][normalize-space()='Downloads' or contains(translate(normalize-space(),'ABCDEFGHIJKLMNOPQRSTUVWXYZ','abcdefghijklmnopqrstuvwxyz'),'downloads')]//*[self::button and (contains(@class,'toggle') or contains(@class,'expand') or contains(@class,'collapse') or contains(@class,'rct-') or contains(translate(normalize-space(@aria-label),'ABCDEFGHIJKLMNOPQRSTUVWXYZ','abcdefghijklmnopqrstuvwxyz'),'toggle') or contains(translate(normalize-space(@aria-label),'ABCDEFGHIJKLMNOPQRSTUVWXYZ','abcdefghijklmnopqrstuvwxyz'),'expand') or contains(translate(normalize-space(@aria-label),'ABCDEFGHIJKLMNOPQRSTUVWXYZ','abcdefghijklmnopqrstuvwxyz'),'collapse'))][1] xpath=//*[self::label or self::span][normalize-space()='Downloads' or contains(translate(normalize-space(),'ABCDEFGHIJKLMNOPQRSTUVWXYZ','abcdefghijklmnopqrstuvwxyz'),'downloads')]//*[self::button and (contains(@class,'toggle') or contains(@class,'expand') or contains(@class,'collapse') or contains(@class,'rct-') or contains(translate(normalize-space(@aria-label),'ABCDEFGHIJKLMNOPQRSTUVWXYZ','abcdefghijklmnopqrstuvwxyz'),'toggle') or contains(translate(normalize-space(@aria-label),'ABCDEFGHIJKLMNOPQRSTUVWXYZ','abcdefghijklmnopqrstuvwxyz'),'expand') or contains(translate(normalize-space(@aria-label),'ABCDEFGHIJKLMNOPQRSTUVWXYZ','abcdefghijklmnopqrstuvwxyz'),'collapse'))][1] xpath_source=selected_locator css=[aria-label="Toggle"] css_source=metadata.robust_css
2026-05-25 12:33:33,969 INFO step_screenshot_saved test=test_tc2_checkbox_tree_expand_and_select_desktop__excel step=I_heal_and_click_the_expand_button_for_Downloads keyword=And path=C:\Users\neela\Documents\locator-healer\locator-healer\artifacts\screenshots\layer1_deterministic\test_tc2_checkbox_tree_expand_and_select_desktop__excel__step04__I_heal_and_click_the_expand_button_for_Downloads.png
2026-05-25 12:33:33,975 INFO db_operation backend=DualMetadataRepository operation=find status=ok details={'app_id': 'demo-qa-app', 'page_name': 'checkbox', 'element_name': 'excel_file_doc_checkbox_icon', 'result': 'hit'}
2026-05-25 12:33:33,990 INFO db_operation backend=DualMetadataRepository operation=log_event status=ok details={'app_id': 'demo-qa-app', 'page_name': 'checkbox', 'element_name': 'excel_file_doc_checkbox_icon', 'stage': 'recover_start'}
2026-05-25 12:33:34,013 INFO db_operation backend=DualMetadataRepository operation=log_event status=ok details={'app_id': 'demo-qa-app', 'page_name': 'checkbox', 'element_name': 'excel_file_doc_checkbox_icon', 'stage': 'fallback'}
2026-05-25 12:33:36,333 INFO db_operation backend=DualMetadataRepository operation=log_event status=ok details={'app_id': 'demo-qa-app', 'page_name': 'checkbox', 'element_name': 'excel_file_doc_checkbox_icon', 'stage': 'rules'}
2026-05-25 12:33:36,340 INFO db_operation backend=DualMetadataRepository operation=log_event status=ok details={'app_id': 'demo-qa-app', 'page_name': 'checkbox', 'element_name': 'excel_file_doc_checkbox_icon', 'stage': 'rules'}
2026-05-25 12:33:36,346 INFO db_operation backend=DualMetadataRepository operation=log_event status=ok details={'app_id': 'demo-qa-app', 'page_name': 'checkbox', 'element_name': 'excel_file_doc_checkbox_icon', 'stage': 'rules'}
2026-05-25 12:33:36,353 INFO db_operation backend=DualMetadataRepository operation=log_event status=ok details={'app_id': 'demo-qa-app', 'page_name': 'checkbox', 'element_name': 'excel_file_doc_checkbox_icon', 'stage': 'rules'}
2026-05-25 12:33:36,360 INFO db_operation backend=DualMetadataRepository operation=log_event status=ok details={'app_id': 'demo-qa-app', 'page_name': 'checkbox', 'element_name': 'excel_file_doc_checkbox_icon', 'stage': 'rules'}
2026-05-25 12:33:36,367 INFO db_operation backend=DualMetadataRepository operation=log_event status=ok details={'app_id': 'demo-qa-app', 'page_name': 'checkbox', 'element_name': 'excel_file_doc_checkbox_icon', 'stage': 'rules'}
2026-05-25 12:33:36,373 INFO db_operation backend=DualMetadataRepository operation=log_event status=ok details={'app_id': 'demo-qa-app', 'page_name': 'checkbox', 'element_name': 'excel_file_doc_checkbox_icon', 'stage': 'rules'}
2026-05-25 12:33:36,380 INFO db_operation backend=DualMetadataRepository operation=log_event status=ok details={'app_id': 'demo-qa-app', 'page_name': 'checkbox', 'element_name': 'excel_file_doc_checkbox_icon', 'stage': 'rules'}
2026-05-25 12:33:36,386 INFO db_operation backend=DualMetadataRepository operation=log_event status=ok details={'app_id': 'demo-qa-app', 'page_name': 'checkbox', 'element_name': 'excel_file_doc_checkbox_icon', 'stage': 'rules'}
2026-05-25 12:33:36,393 INFO db_operation backend=DualMetadataRepository operation=log_event status=ok details={'app_id': 'demo-qa-app', 'page_name': 'checkbox', 'element_name': 'excel_file_doc_checkbox_icon', 'stage': 'rules'}
2026-05-25 12:33:36,401 INFO db_operation backend=DualMetadataRepository operation=log_event status=ok details={'app_id': 'demo-qa-app', 'page_name': 'checkbox', 'element_name': 'excel_file_doc_checkbox_icon', 'stage': 'rules'}
2026-05-25 12:33:36,408 INFO db_operation backend=DualMetadataRepository operation=log_event status=ok details={'app_id': 'demo-qa-app', 'page_name': 'checkbox', 'element_name': 'excel_file_doc_checkbox_icon', 'stage': 'rules'}
2026-05-25 12:33:36,414 INFO db_operation backend=DualMetadataRepository operation=log_event status=ok details={'app_id': 'demo-qa-app', 'page_name': 'checkbox', 'element_name': 'excel_file_doc_checkbox_icon', 'stage': 'rules'}
2026-05-25 12:33:36,421 INFO db_operation backend=DualMetadataRepository operation=log_event status=ok details={'app_id': 'demo-qa-app', 'page_name': 'checkbox', 'element_name': 'excel_file_doc_checkbox_icon', 'stage': 'rules'}
2026-05-25 12:33:37,198 INFO db_operation backend=DualMetadataRepository operation=upsert status=ok details={'app_id': 'demo-qa-app', 'page_name': 'checkbox', 'element_name': 'excel_file_doc_checkbox_icon', 'field_type': 'checkbox', 'success_count': 37, 'fail_count': 2}
2026-05-25 12:33:37,205 INFO db_operation backend=DualMetadataRepository operation=log_event status=ok details={'app_id': 'demo-qa-app', 'page_name': 'checkbox', 'element_name': 'excel_file_doc_checkbox_icon', 'stage': 'recover_end'}
2026-05-25 12:33:37,207 INFO heal_attempt element=excel_file_doc_checkbox_icon field_type=checkbox status=success strategy=label_proximity_interactable correlation_id=03c2e704bb80400a89c110d649d19949 fallback_xpath=//xh-never-match[@id='excel_file_doc_checkbox_icon-broken'] healed_kind=xpath healed_value=//*[self::label or self::span][normalize-space()='Excel File.doc' or contains(translate(normalize-space(),'ABCDEFGHIJKLMNOPQRSTUVWXYZ','abcdefghijklmnopqrstuvwxyz'),'excel file.doc')]/ancestor::*[self::label or self::li or self::div][1]//*[contains(@class,'checkbox')][1] uniqueness=1.0 stability=0.64 similarity=0.35 overall=0.726
2026-05-25 12:33:37,273 INFO healed_paths element=excel_file_doc_checkbox_icon selected_kind=xpath selected_value=//*[self::label or self::span][normalize-space()='Excel File.doc' or contains(translate(normalize-space(),'ABCDEFGHIJKLMNOPQRSTUVWXYZ','abcdefghijklmnopqrstuvwxyz'),'excel file.doc')]/ancestor::*[self::label or self::li or self::div][1]//*[contains(@class,'checkbox')][1] xpath=//*[self::label or self::span][normalize-space()='Excel File.doc' or contains(translate(normalize-space(),'ABCDEFGHIJKLMNOPQRSTUVWXYZ','abcdefghijklmnopqrstuvwxyz'),'excel file.doc')]/ancestor::*[self::label or self::li or self::div][1]//*[contains(@class,'checkbox')][1] xpath_source=selected_locator css=li.rct-node.rct-node-parent:nth-of-type(1) > ol:nth-of-type(1) > li.rct-node.rct-node-parent:nth-of-type(3) > ol:nth-of-type(1) > li.rct-node.rct-node-leaf:nth-of-type(2) > span.rct-text:nth-of-type(1) > label:nth-of-type(1) > span.rct-checkbox:nth-of-type(1) css_source=metadata.robust_css
2026-05-25 12:33:37,672 INFO step_screenshot_saved test=test_tc2_checkbox_tree_expand_and_select_desktop__excel step=I_heal_and_click_the_Excel_File.doc_checkbox_icon keyword=And path=C:\Users\neela\Documents\locator-healer\locator-healer\artifacts\screenshots\layer1_deterministic\test_tc2_checkbox_tree_expand_and_select_desktop__excel__step05__I_heal_and_click_the_Excel_File.doc_checkbox_icon.png
2026-05-25 12:33:37,998 INFO step_screenshot_saved test=test_tc2_checkbox_tree_expand_and_select_desktop__excel step=I_should_see_checkbox_selection_message_for_Desktop_and_Excel_File keyword=Then path=C:\Users\neela\Documents\locator-healer\locator-healer\artifacts\screenshots\layer1_deterministic\test_tc2_checkbox_tree_expand_and_select_desktop__excel__step06__I_should_see_checkbox_selection_message_for_Desktop_and_Excel_File.png
2026-05-25 12:33:38,280 INFO step_screenshot_saved test=test_tc2_checkbox_tree_expand_and_select_desktop__excel step=trace_logs_should_contain_expected_healing_stages keyword=And path=C:\Users\neela\Documents\locator-healer\locator-healer\artifacts\screenshots\layer1_deterministic\test_tc2_checkbox_tree_expand_and_select_desktop__excel__step07__trace_logs_should_contain_expected_healing_stages.png
2026-05-25 12:33:38,558 INFO screenshot_saved test=test_tc2_checkbox_tree_expand_and_select_desktop__excel path=C:\Users\neela\Documents\locator-healer\locator-healer\artifacts\screenshots\layer1_deterministic\test_tc2_checkbox_tree_expand_and_select_desktop__excel__final.png
2026-05-25 12:33:38,839 INFO video_saved test=test_tc2_checkbox_tree_expand_and_select_desktop__excel path=C:\Users\neela\Documents\locator-healer\locator-healer\artifacts\videos\layer1_deterministic\test_tc2_checkbox_tree_expand_and_select_desktop__excel.webm
2026-05-25 12:33:41,398 INFO browser_started framework=playwright browser=chromium channel= headless=False viewport=1920x1080
2026-05-25 12:33:48,213 INFO step_screenshot_saved test=test_tc3_webtables_first_row_verification step=I_open_the_webtables_demo_page keyword=Given path=C:\Users\neela\Documents\locator-healer\locator-healer\artifacts\screenshots\layer1_deterministic\test_tc3_webtables_first_row_verification__step01__I_open_the_webtables_demo_page.png
2026-05-25 12:33:48,226 INFO db_operation backend=DualMetadataRepository operation=find status=ok details={'app_id': 'demo-qa-app', 'page_name': 'webtables', 'element_name': 'row1_first_name', 'result': 'hit'}
2026-05-25 12:33:48,234 INFO db_operation backend=DualMetadataRepository operation=log_event status=ok details={'app_id': 'demo-qa-app', 'page_name': 'webtables', 'element_name': 'row1_first_name', 'stage': 'recover_start'}
2026-05-25 12:33:48,263 INFO db_operation backend=DualMetadataRepository operation=log_event status=ok details={'app_id': 'demo-qa-app', 'page_name': 'webtables', 'element_name': 'row1_first_name', 'stage': 'fallback'}
2026-05-25 12:33:49,175 INFO db_operation backend=DualMetadataRepository operation=log_event status=ok details={'app_id': 'demo-qa-app', 'page_name': 'webtables', 'element_name': 'row1_first_name', 'stage': 'rules'}
2026-05-25 12:33:49,248 INFO db_operation backend=DualMetadataRepository operation=get_page_index status=ok details={'app_id': 'demo-qa-app', 'page_name': 'webtables', 'result': 'hit'}
2026-05-25 12:33:50,278 INFO db_operation backend=DualMetadataRepository operation=upsert_page_index status=ok details={'app_id': 'demo-qa-app', 'page_name': 'webtables', 'element_count': 256, 'dom_hash': 'a62119e0455a'}
2026-05-25 12:33:50,339 INFO db_operation backend=DualMetadataRepository operation=log_event status=ok details={'app_id': 'demo-qa-app', 'page_name': 'webtables', 'element_name': 'row1_first_name', 'stage': 'page_index_lookup'}
2026-05-25 12:33:50,744 INFO db_operation backend=DualMetadataRepository operation=log_event status=ok details={'app_id': 'demo-qa-app', 'page_name': 'webtables', 'element_name': 'row1_first_name', 'stage': 'page_index'}
2026-05-25 12:33:50,751 INFO db_operation backend=DualMetadataRepository operation=log_event status=ok details={'app_id': 'demo-qa-app', 'page_name': 'webtables', 'element_name': 'row1_first_name', 'stage': 'page_index'}
2026-05-25 12:33:50,758 INFO db_operation backend=DualMetadataRepository operation=log_event status=ok details={'app_id': 'demo-qa-app', 'page_name': 'webtables', 'element_name': 'row1_first_name', 'stage': 'page_index'}
2026-05-25 12:33:50,765 INFO db_operation backend=DualMetadataRepository operation=log_event status=ok details={'app_id': 'demo-qa-app', 'page_name': 'webtables', 'element_name': 'row1_first_name', 'stage': 'page_index'}
2026-05-25 12:33:50,771 INFO db_operation backend=DualMetadataRepository operation=log_event status=ok details={'app_id': 'demo-qa-app', 'page_name': 'webtables', 'element_name': 'row1_first_name', 'stage': 'page_index'}
2026-05-25 12:33:51,636 INFO db_operation backend=DualMetadataRepository operation=upsert status=ok details={'app_id': 'demo-qa-app', 'page_name': 'webtables', 'element_name': 'row1_first_name', 'field_type': 'text', 'success_count': 57, 'fail_count': 1}
2026-05-25 12:33:51,648 INFO db_operation backend=DualMetadataRepository operation=log_event status=ok details={'app_id': 'demo-qa-app', 'page_name': 'webtables', 'element_name': 'row1_first_name', 'stage': 'recover_end'}
2026-05-25 12:33:51,650 INFO heal_attempt element=row1_first_name field_type=text status=success strategy=page_index.rank:7cfb29f3-7f4a-4575-a4d1-ed2593239fc3 correlation_id=65c2027960af45408ba62a7e4384a719 fallback_xpath=//xh-never-match[@id='row1_first_name-broken'] healed_kind=css healed_value=div.rt-td uniqueness=0.0143 stability=0.81 similarity=1.0 overall=0.5297
2026-05-25 12:33:51,721 INFO healed_paths element=row1_first_name selected_kind=css selected_value=div.rt-td xpath=//*[@role='gridcell' and contains(translate(normalize-space(), 'ABCDEFGHIJKLMNOPQRSTUVWXYZ', 'abcdefghijklmnopqrstuvwxyz'), 'cierra')] xpath_source=metadata.robust_xpath css=div.rt-td css_source=selected_locator
2026-05-25 12:33:52,229 INFO step_screenshot_saved test=test_tc3_webtables_first_row_verification step=I_heal_and_verify_the_first_row_first_name_is_Cierra keyword=When path=C:\Users\neela\Documents\locator-healer\locator-healer\artifacts\screenshots\layer1_deterministic\test_tc3_webtables_first_row_verification__step02__I_heal_and_verify_the_first_row_first_name_is_Cierra.png
2026-05-25 12:33:52,235 INFO db_operation backend=DualMetadataRepository operation=find status=ok details={'app_id': 'demo-qa-app', 'page_name': 'webtables', 'element_name': 'row1_last_name_vega', 'result': 'hit'}
2026-05-25 12:33:52,248 INFO db_operation backend=DualMetadataRepository operation=log_event status=ok details={'app_id': 'demo-qa-app', 'page_name': 'webtables', 'element_name': 'row1_last_name_vega', 'stage': 'recover_start'}
2026-05-25 12:33:52,273 INFO db_operation backend=DualMetadataRepository operation=log_event status=ok details={'app_id': 'demo-qa-app', 'page_name': 'webtables', 'element_name': 'row1_last_name_vega', 'stage': 'fallback'}
2026-05-25 12:33:53,028 INFO db_operation backend=DualMetadataRepository operation=log_event status=ok details={'app_id': 'demo-qa-app', 'page_name': 'webtables', 'element_name': 'row1_last_name_vega', 'stage': 'rules'}
2026-05-25 12:33:53,044 INFO db_operation backend=DualMetadataRepository operation=get_page_index status=ok details={'app_id': 'demo-qa-app', 'page_name': 'webtables', 'result': 'hit'}
2026-05-25 12:33:53,109 INFO db_operation backend=DualMetadataRepository operation=log_event status=ok details={'app_id': 'demo-qa-app', 'page_name': 'webtables', 'element_name': 'row1_last_name_vega', 'stage': 'page_index_lookup'}
2026-05-25 12:33:53,710 INFO db_operation backend=DualMetadataRepository operation=log_event status=ok details={'app_id': 'demo-qa-app', 'page_name': 'webtables', 'element_name': 'row1_last_name_vega', 'stage': 'page_index'}
2026-05-25 12:33:53,717 INFO db_operation backend=DualMetadataRepository operation=log_event status=ok details={'app_id': 'demo-qa-app', 'page_name': 'webtables', 'element_name': 'row1_last_name_vega', 'stage': 'page_index'}
2026-05-25 12:33:53,724 INFO db_operation backend=DualMetadataRepository operation=log_event status=ok details={'app_id': 'demo-qa-app', 'page_name': 'webtables', 'element_name': 'row1_last_name_vega', 'stage': 'page_index'}
2026-05-25 12:33:53,731 INFO db_operation backend=DualMetadataRepository operation=log_event status=ok details={'app_id': 'demo-qa-app', 'page_name': 'webtables', 'element_name': 'row1_last_name_vega', 'stage': 'page_index'}
2026-05-25 12:33:53,738 INFO db_operation backend=DualMetadataRepository operation=log_event status=ok details={'app_id': 'demo-qa-app', 'page_name': 'webtables', 'element_name': 'row1_last_name_vega', 'stage': 'page_index'}
2026-05-25 12:33:54,645 INFO db_operation backend=DualMetadataRepository operation=upsert status=ok details={'app_id': 'demo-qa-app', 'page_name': 'webtables', 'element_name': 'row1_last_name_vega', 'field_type': 'text', 'success_count': 57, 'fail_count': 0}
2026-05-25 12:33:54,653 INFO db_operation backend=DualMetadataRepository operation=log_event status=ok details={'app_id': 'demo-qa-app', 'page_name': 'webtables', 'element_name': 'row1_last_name_vega', 'stage': 'recover_end'}
2026-05-25 12:33:54,655 INFO heal_attempt element=row1_last_name_vega field_type=text status=success strategy=page_index.rank:b2c3e048-adbf-4a4c-bd9f-85a9576bbf91 correlation_id=663026dc0bb4467c93229f1ec31933f4 fallback_xpath=//xh-never-match[@id='row1_last_name_vega-broken'] healed_kind=css healed_value=div.rt-td uniqueness=0.0143 stability=0.81 similarity=1.0 overall=0.5297
2026-05-25 12:33:54,734 INFO healed_paths element=row1_last_name_vega selected_kind=css selected_value=div.rt-td xpath=//*[@role='gridcell' and contains(translate(normalize-space(), 'ABCDEFGHIJKLMNOPQRSTUVWXYZ', 'abcdefghijklmnopqrstuvwxyz'), 'vega')] xpath_source=metadata.robust_xpath css=div.rt-td css_source=selected_locator
2026-05-25 12:33:55,201 INFO step_screenshot_saved test=test_tc3_webtables_first_row_verification step=I_heal_and_verify_the_first_row_last_name_is_one_of keyword=Then path=C:\Users\neela\Documents\locator-healer\locator-healer\artifacts\screenshots\layer1_deterministic\test_tc3_webtables_first_row_verification__step03__I_heal_and_verify_the_first_row_last_name_is_one_of.png
2026-05-25 12:33:55,533 INFO step_screenshot_saved test=test_tc3_webtables_first_row_verification step=trace_logs_should_contain_expected_healing_stages keyword=And path=C:\Users\neela\Documents\locator-healer\locator-healer\artifacts\screenshots\layer1_deterministic\test_tc3_webtables_first_row_verification__step04__trace_logs_should_contain_expected_healing_stages.png
2026-05-25 12:33:55,836 INFO screenshot_saved test=test_tc3_webtables_first_row_verification path=C:\Users\neela\Documents\locator-healer\locator-healer\artifacts\screenshots\layer1_deterministic\test_tc3_webtables_first_row_verification__final.png
2026-05-25 12:33:56,035 INFO video_saved test=test_tc3_webtables_first_row_verification path=C:\Users\neela\Documents\locator-healer\locator-healer\artifacts\videos\layer1_deterministic\test_tc3_webtables_first_row_verification.webm
