2026-05-25 12:34:03,041 INFO metadata_repository backend=DualMetadataRepository(primary=Postgres,fallback=Json)
2026-05-25 12:34:05,112 INFO browser_started framework=playwright browser=chromium channel= headless=False viewport=1920x1080
2026-05-25 12:34:15,034 INFO step_screenshot_saved test=test_tc1_textbox_form_fill_and_submit step=I_open_the_text-box_demo_page keyword=Given path=C:\Users\neela\Documents\locator-healer\locator-healer\artifacts\screenshots\layer2_agentic_mcp\test_tc1_textbox_form_fill_and_submit__step01__I_open_the_text-box_demo_page.png
2026-05-25 12:34:15,497 INFO db_operation backend=DualMetadataRepository operation=find status=ok details={'app_id': 'demo-qa-app', 'page_name': 'text_box', 'element_name': 'full_name', 'result': 'hit'}
2026-05-25 12:34:15,511 INFO db_operation backend=DualMetadataRepository operation=log_event status=ok details={'app_id': 'demo-qa-app', 'page_name': 'text_box', 'element_name': 'full_name', 'stage': 'recover_start'}
2026-05-25 12:34:15,543 INFO db_operation backend=DualMetadataRepository operation=log_event status=ok details={'app_id': 'demo-qa-app', 'page_name': 'text_box', 'element_name': 'full_name', 'stage': 'fallback'}
2026-05-25 12:34:22,993 INFO db_operation backend=DualMetadataRepository operation=log_event status=ok details={'app_id': 'demo-qa-app', 'page_name': 'text_box', 'element_name': 'full_name', 'stage': 'mcp_explore'}
2026-05-25 12:34:24,897 INFO db_operation backend=DualMetadataRepository operation=upsert status=ok details={'app_id': 'demo-qa-app', 'page_name': 'text_box', 'element_name': 'full_name', 'field_type': 'textbox', 'success_count': 58, 'fail_count': 1}
2026-05-25 12:34:24,904 INFO db_operation backend=DualMetadataRepository operation=log_event status=ok details={'app_id': 'demo-qa-app', 'page_name': 'text_box', 'element_name': 'full_name', 'stage': 'recover_end'}
2026-05-25 12:34:24,906 INFO heal_attempt element=full_name field_type=textbox status=success strategy=mcp_explore correlation_id=044a2b47f9ce4cc6a4e5e195d7c48bae fallback_xpath=//xh-never-match[@id='full_name-broken'] healed_kind=xpath healed_value=//input[@id='userName'] uniqueness=1.0 stability=0.84 similarity=0.9 overall=0.916
2026-05-25 12:34:24,992 INFO healed_paths element=full_name selected_kind=xpath selected_value=//input[@id='userName'] xpath=//input[@id='userName'] xpath_source=selected_locator css=[placeholder="Full Name"] css_source=metadata.robust_css
2026-05-25 12:34:24,997 INFO db_operation backend=DualMetadataRepository operation=find status=ok details={'app_id': 'demo-qa-app', 'page_name': 'text_box', 'element_name': 'email', 'result': 'hit'}
2026-05-25 12:34:25,007 INFO db_operation backend=DualMetadataRepository operation=log_event status=ok details={'app_id': 'demo-qa-app', 'page_name': 'text_box', 'element_name': 'email', 'stage': 'recover_start'}
2026-05-25 12:34:25,030 INFO db_operation backend=DualMetadataRepository operation=log_event status=ok details={'app_id': 'demo-qa-app', 'page_name': 'text_box', 'element_name': 'email', 'stage': 'fallback'}
2026-05-25 12:34:30,660 INFO db_operation backend=DualMetadataRepository operation=log_event status=ok details={'app_id': 'demo-qa-app', 'page_name': 'text_box', 'element_name': 'email', 'stage': 'mcp_explore'}
2026-05-25 12:34:31,678 INFO db_operation backend=DualMetadataRepository operation=upsert status=ok details={'app_id': 'demo-qa-app', 'page_name': 'text_box', 'element_name': 'email', 'field_type': 'textbox', 'success_count': 58, 'fail_count': 0}
2026-05-25 12:34:31,686 INFO db_operation backend=DualMetadataRepository operation=log_event status=ok details={'app_id': 'demo-qa-app', 'page_name': 'text_box', 'element_name': 'email', 'stage': 'recover_end'}
2026-05-25 12:34:31,688 INFO heal_attempt element=email field_type=textbox status=success strategy=mcp_explore correlation_id=52971c729a0a45e3a4861a53089dd4b9 fallback_xpath=//xh-never-match[@id='email-broken'] healed_kind=xpath healed_value=//label[@id='userEmail-label']/following::input[@type='email' and @placeholder='name@example.com'][1] uniqueness=1.0 stability=0.94 similarity=0.9 overall=0.956
2026-05-25 12:34:31,755 INFO healed_paths element=email selected_kind=xpath selected_value=//label[@id='userEmail-label']/following::input[@type='email' and @placeholder='name@example.com'][1] xpath=//label[@id='userEmail-label']/following::input[@type='email' and @placeholder='name@example.com'][1] xpath_source=selected_locator css=[placeholder="name@example.com"] css_source=metadata.robust_css
2026-05-25 12:34:31,760 INFO db_operation backend=DualMetadataRepository operation=find status=ok details={'app_id': 'demo-qa-app', 'page_name': 'text_box', 'element_name': 'current_address', 'result': 'hit'}
2026-05-25 12:34:31,768 INFO db_operation backend=DualMetadataRepository operation=log_event status=ok details={'app_id': 'demo-qa-app', 'page_name': 'text_box', 'element_name': 'current_address', 'stage': 'recover_start'}
2026-05-25 12:34:31,791 INFO db_operation backend=DualMetadataRepository operation=log_event status=ok details={'app_id': 'demo-qa-app', 'page_name': 'text_box', 'element_name': 'current_address', 'stage': 'fallback'}
2026-05-25 12:34:37,167 INFO db_operation backend=DualMetadataRepository operation=log_event status=ok details={'app_id': 'demo-qa-app', 'page_name': 'text_box', 'element_name': 'current_address', 'stage': 'mcp_explore'}
2026-05-25 12:34:57,581 INFO db_operation backend=DualMetadataRepository operation=upsert status=ok details={'app_id': 'demo-qa-app', 'page_name': 'text_box', 'element_name': 'current_address', 'field_type': 'textbox', 'success_count': 58, 'fail_count': 0}
2026-05-25 12:34:57,588 INFO db_operation backend=DualMetadataRepository operation=log_event status=ok details={'app_id': 'demo-qa-app', 'page_name': 'text_box', 'element_name': 'current_address', 'stage': 'recover_end'}
2026-05-25 12:34:57,589 INFO heal_attempt element=current_address field_type=textbox status=success strategy=mcp_explore correlation_id=fe99a1a0d68241d5891b73221c00f717 fallback_xpath=//xh-never-match[@id='current_address-broken'] healed_kind=xpath healed_value=//textarea[@id='currentAddress' and @placeholder='Current Address'] uniqueness=1.0 stability=0.91 similarity=0.9 overall=0.944
2026-05-25 12:34:57,657 INFO healed_paths element=current_address selected_kind=xpath selected_value=//textarea[@id='currentAddress' and @placeholder='Current Address'] xpath=//textarea[@id='currentAddress' and @placeholder='Current Address'] xpath_source=selected_locator css=[placeholder="Current Address"] css_source=metadata.robust_css
2026-05-25 12:34:57,661 INFO db_operation backend=DualMetadataRepository operation=find status=ok details={'app_id': 'demo-qa-app', 'page_name': 'text_box', 'element_name': 'permanent_address', 'result': 'hit'}
2026-05-25 12:34:57,667 INFO db_operation backend=DualMetadataRepository operation=log_event status=ok details={'app_id': 'demo-qa-app', 'page_name': 'text_box', 'element_name': 'permanent_address', 'stage': 'recover_start'}
2026-05-25 12:34:57,688 INFO db_operation backend=DualMetadataRepository operation=log_event status=ok details={'app_id': 'demo-qa-app', 'page_name': 'text_box', 'element_name': 'permanent_address', 'stage': 'fallback'}
2026-05-25 12:35:05,970 INFO db_operation backend=DualMetadataRepository operation=log_event status=ok details={'app_id': 'demo-qa-app', 'page_name': 'text_box', 'element_name': 'permanent_address', 'stage': 'mcp_explore'}
2026-05-25 12:35:06,973 INFO db_operation backend=DualMetadataRepository operation=upsert status=ok details={'app_id': 'demo-qa-app', 'page_name': 'text_box', 'element_name': 'permanent_address', 'field_type': 'textbox', 'success_count': 58, 'fail_count': 0}
2026-05-25 12:35:06,980 INFO db_operation backend=DualMetadataRepository operation=log_event status=ok details={'app_id': 'demo-qa-app', 'page_name': 'text_box', 'element_name': 'permanent_address', 'stage': 'recover_end'}
2026-05-25 12:35:06,981 INFO heal_attempt element=permanent_address field_type=textbox status=success strategy=mcp_explore correlation_id=458434527c2d4a5ca4c30777f541f55a fallback_xpath=//xh-never-match[@id='permanent_address-broken'] healed_kind=xpath healed_value=//textarea[@id='permanentAddress'] uniqueness=1.0 stability=0.78 similarity=0.35 overall=0.782
2026-05-25 12:35:07,051 INFO healed_paths element=permanent_address selected_kind=xpath selected_value=//textarea[@id='permanentAddress'] xpath=//textarea[@id='permanentAddress'] xpath_source=selected_locator css=textarea css_source=metadata.robust_css
2026-05-25 12:35:07,520 INFO step_screenshot_saved test=test_tc1_textbox_form_fill_and_submit step=I_heal_and_fill_all_text-box_form_fields keyword=When path=C:\Users\neela\Documents\locator-healer\locator-healer\artifacts\screenshots\layer2_agentic_mcp\test_tc1_textbox_form_fill_and_submit__step02__I_heal_and_fill_all_text-box_form_fields.png
2026-05-25 12:35:07,527 INFO db_operation backend=DualMetadataRepository operation=find status=ok details={'app_id': 'demo-qa-app', 'page_name': 'text_box', 'element_name': 'submit', 'result': 'hit'}
2026-05-25 12:35:07,535 INFO db_operation backend=DualMetadataRepository operation=log_event status=ok details={'app_id': 'demo-qa-app', 'page_name': 'text_box', 'element_name': 'submit', 'stage': 'recover_start'}
2026-05-25 12:35:07,560 INFO db_operation backend=DualMetadataRepository operation=log_event status=ok details={'app_id': 'demo-qa-app', 'page_name': 'text_box', 'element_name': 'submit', 'stage': 'fallback'}
2026-05-25 12:35:17,086 INFO db_operation backend=DualMetadataRepository operation=log_event status=ok details={'app_id': 'demo-qa-app', 'page_name': 'text_box', 'element_name': 'submit', 'stage': 'mcp_explore'}
2026-05-25 12:35:18,097 INFO db_operation backend=DualMetadataRepository operation=upsert status=ok details={'app_id': 'demo-qa-app', 'page_name': 'text_box', 'element_name': 'submit', 'field_type': 'button', 'success_count': 58, 'fail_count': 0}
2026-05-25 12:35:18,104 INFO db_operation backend=DualMetadataRepository operation=log_event status=ok details={'app_id': 'demo-qa-app', 'page_name': 'text_box', 'element_name': 'submit', 'stage': 'recover_end'}
2026-05-25 12:35:18,106 INFO heal_attempt element=submit field_type=button status=success strategy=mcp_explore correlation_id=ed50e5a4e5694e9599f4bd76e1c59938 fallback_xpath=//xh-never-match[@id='submit-broken'] healed_kind=xpath healed_value=//button[@id='submit' and @type='button' and normalize-space()='Submit'] uniqueness=1.0 stability=0.91 similarity=0.9 overall=0.944
2026-05-25 12:35:18,174 INFO healed_paths element=submit selected_kind=xpath selected_value=//button[@id='submit' and @type='button' and normalize-space()='Submit'] xpath=//button[@id='submit' and @type='button' and normalize-space()='Submit'] xpath_source=selected_locator css=#submit css_source=metadata.robust_css
2026-05-25 12:35:18,646 INFO step_screenshot_saved test=test_tc1_textbox_form_fill_and_submit step=I_heal_and_click_the_text-box_submit_button keyword=And path=C:\Users\neela\Documents\locator-healer\locator-healer\artifacts\screenshots\layer2_agentic_mcp\test_tc1_textbox_form_fill_and_submit__step03__I_heal_and_click_the_text-box_submit_button.png
2026-05-25 12:35:18,965 INFO step_screenshot_saved test=test_tc1_textbox_form_fill_and_submit step=I_should_see_submitted_text-box_output_values keyword=Then path=C:\Users\neela\Documents\locator-healer\locator-healer\artifacts\screenshots\layer2_agentic_mcp\test_tc1_textbox_form_fill_and_submit__step04__I_should_see_submitted_text-box_output_values.png
2026-05-25 12:35:19,240 INFO step_screenshot_saved test=test_tc1_textbox_form_fill_and_submit step=trace_logs_should_contain_expected_healing_stages keyword=And path=C:\Users\neela\Documents\locator-healer\locator-healer\artifacts\screenshots\layer2_agentic_mcp\test_tc1_textbox_form_fill_and_submit__step05__trace_logs_should_contain_expected_healing_stages.png
2026-05-25 12:35:19,533 INFO screenshot_saved test=test_tc1_textbox_form_fill_and_submit path=C:\Users\neela\Documents\locator-healer\locator-healer\artifacts\screenshots\layer2_agentic_mcp\test_tc1_textbox_form_fill_and_submit__final.png
2026-05-25 12:35:19,727 INFO video_saved test=test_tc1_textbox_form_fill_and_submit path=C:\Users\neela\Documents\locator-healer\locator-healer\artifacts\videos\layer2_agentic_mcp\test_tc1_textbox_form_fill_and_submit.webm
2026-05-25 12:35:22,207 INFO browser_started framework=playwright browser=chromium channel= headless=False viewport=1920x1080
2026-05-25 12:35:29,484 INFO step_screenshot_saved test=test_tc2_checkbox_tree_expand_and_select_desktop__excel step=I_open_the_checkbox_demo_page keyword=Given path=C:\Users\neela\Documents\locator-healer\locator-healer\artifacts\screenshots\layer2_agentic_mcp\test_tc2_checkbox_tree_expand_and_select_desktop__excel__step01__I_open_the_checkbox_demo_page.png
2026-05-25 12:35:29,491 INFO db_operation backend=DualMetadataRepository operation=find status=ok details={'app_id': 'demo-qa-app', 'page_name': 'checkbox', 'element_name': 'home_expand_button', 'result': 'hit'}
2026-05-25 12:35:29,504 INFO db_operation backend=DualMetadataRepository operation=log_event status=ok details={'app_id': 'demo-qa-app', 'page_name': 'checkbox', 'element_name': 'home_expand_button', 'stage': 'recover_start'}
2026-05-25 12:35:29,533 INFO db_operation backend=DualMetadataRepository operation=log_event status=ok details={'app_id': 'demo-qa-app', 'page_name': 'checkbox', 'element_name': 'home_expand_button', 'stage': 'fallback'}
2026-05-25 12:35:35,322 INFO db_operation backend=DualMetadataRepository operation=log_event status=ok details={'app_id': 'demo-qa-app', 'page_name': 'checkbox', 'element_name': 'home_expand_button', 'stage': 'mcp_explore'}
2026-05-25 12:35:36,212 INFO db_operation backend=DualMetadataRepository operation=upsert status=ok details={'app_id': 'demo-qa-app', 'page_name': 'checkbox', 'element_name': 'home_expand_button', 'field_type': 'button', 'success_count': 44, 'fail_count': 1}
2026-05-25 12:35:36,219 INFO db_operation backend=DualMetadataRepository operation=log_event status=ok details={'app_id': 'demo-qa-app', 'page_name': 'checkbox', 'element_name': 'home_expand_button', 'stage': 'recover_end'}
2026-05-25 12:35:36,221 INFO heal_attempt element=home_expand_button field_type=button status=success strategy=mcp_explore correlation_id=a94dec432a384041b74b58b78ec29a90 fallback_xpath=//xh-never-match[@id='home_expand_button-broken'] healed_kind=xpath healed_value=//button[@type='button' and @aria-label='Toggle'] uniqueness=1.0 stability=0.94 similarity=0.9 overall=0.956
2026-05-25 12:35:36,296 INFO healed_paths element=home_expand_button selected_kind=xpath selected_value=//button[@type='button' and @aria-label='Toggle'] xpath=//button[@type='button' and @aria-label='Toggle'] xpath_source=selected_locator css=[aria-label="Toggle"] css_source=metadata.robust_css
2026-05-25 12:35:36,733 INFO step_screenshot_saved test=test_tc2_checkbox_tree_expand_and_select_desktop__excel step=I_heal_and_click_the_expand_button_for_Home keyword=When path=C:\Users\neela\Documents\locator-healer\locator-healer\artifacts\screenshots\layer2_agentic_mcp\test_tc2_checkbox_tree_expand_and_select_desktop__excel__step02__I_heal_and_click_the_expand_button_for_Home.png
2026-05-25 12:35:36,739 INFO db_operation backend=DualMetadataRepository operation=find status=ok details={'app_id': 'demo-qa-app', 'page_name': 'checkbox', 'element_name': 'desktop_checkbox_icon', 'result': 'hit'}
2026-05-25 12:35:36,753 INFO db_operation backend=DualMetadataRepository operation=log_event status=ok details={'app_id': 'demo-qa-app', 'page_name': 'checkbox', 'element_name': 'desktop_checkbox_icon', 'stage': 'recover_start'}
2026-05-25 12:35:36,778 INFO db_operation backend=DualMetadataRepository operation=log_event status=ok details={'app_id': 'demo-qa-app', 'page_name': 'checkbox', 'element_name': 'desktop_checkbox_icon', 'stage': 'fallback'}
2026-05-25 12:35:44,922 INFO db_operation backend=DualMetadataRepository operation=log_event status=ok details={'app_id': 'demo-qa-app', 'page_name': 'checkbox', 'element_name': 'desktop_checkbox_icon', 'stage': 'mcp_explore'}
2026-05-25 12:35:45,910 INFO db_operation backend=DualMetadataRepository operation=upsert status=ok details={'app_id': 'demo-qa-app', 'page_name': 'checkbox', 'element_name': 'desktop_checkbox_icon', 'field_type': 'checkbox', 'success_count': 41, 'fail_count': 2}
2026-05-25 12:35:45,917 INFO db_operation backend=DualMetadataRepository operation=log_event status=ok details={'app_id': 'demo-qa-app', 'page_name': 'checkbox', 'element_name': 'desktop_checkbox_icon', 'stage': 'recover_end'}
2026-05-25 12:35:45,918 INFO heal_attempt element=desktop_checkbox_icon field_type=checkbox status=success strategy=mcp_explore correlation_id=d0d9239f3f2446dda404872b6daf35bf fallback_xpath=//xh-never-match[@id='desktop_checkbox_icon-broken'] healed_kind=xpath healed_value=//label[normalize-space()='Desktop']//span[contains(@class,'rct-checkbox')] uniqueness=1.0 stability=0.7 similarity=0.35 overall=0.75
2026-05-25 12:35:45,984 INFO healed_paths element=desktop_checkbox_icon selected_kind=xpath selected_value=//label[normalize-space()='Desktop']//span[contains(@class,'rct-checkbox')] xpath=//label[normalize-space()='Desktop']//span[contains(@class,'rct-checkbox')] xpath_source=selected_locator css=div.react-checkbox-tree.rct-icons-fa4:nth-of-type(1) > ol:nth-of-type(1) > li.rct-node.rct-node-parent:nth-of-type(1) > ol:nth-of-type(1) > li.rct-node.rct-node-parent:nth-of-type(1) > span.rct-text:nth-of-type(1) > label:nth-of-type(1) > span.rct-checkbox:nth-of-type(1) css_source=metadata.robust_css
2026-05-25 12:35:46,363 INFO step_screenshot_saved test=test_tc2_checkbox_tree_expand_and_select_desktop__excel step=I_heal_and_click_the_Desktop_checkbox_icon keyword=And path=C:\Users\neela\Documents\locator-healer\locator-healer\artifacts\screenshots\layer2_agentic_mcp\test_tc2_checkbox_tree_expand_and_select_desktop__excel__step03__I_heal_and_click_the_Desktop_checkbox_icon.png
2026-05-25 12:35:46,369 INFO db_operation backend=DualMetadataRepository operation=find status=ok details={'app_id': 'demo-qa-app', 'page_name': 'checkbox', 'element_name': 'downloads_expand_button', 'result': 'hit'}
2026-05-25 12:35:46,383 INFO db_operation backend=DualMetadataRepository operation=log_event status=ok details={'app_id': 'demo-qa-app', 'page_name': 'checkbox', 'element_name': 'downloads_expand_button', 'stage': 'recover_start'}
2026-05-25 12:35:46,405 INFO db_operation backend=DualMetadataRepository operation=log_event status=ok details={'app_id': 'demo-qa-app', 'page_name': 'checkbox', 'element_name': 'downloads_expand_button', 'stage': 'fallback'}
2026-05-25 12:36:02,549 INFO db_operation backend=DualMetadataRepository operation=log_event status=ok details={'app_id': 'demo-qa-app', 'page_name': 'checkbox', 'element_name': 'downloads_expand_button', 'stage': 'mcp_explore'}
2026-05-25 12:36:03,549 INFO db_operation backend=DualMetadataRepository operation=upsert status=ok details={'app_id': 'demo-qa-app', 'page_name': 'checkbox', 'element_name': 'downloads_expand_button', 'field_type': 'button', 'success_count': 40, 'fail_count': 1}
2026-05-25 12:36:03,556 INFO db_operation backend=DualMetadataRepository operation=log_event status=ok details={'app_id': 'demo-qa-app', 'page_name': 'checkbox', 'element_name': 'downloads_expand_button', 'stage': 'recover_end'}
2026-05-25 12:36:03,558 INFO heal_attempt element=downloads_expand_button field_type=button status=success strategy=mcp_explore correlation_id=53cbfdeb06f54a3b84e2b3241a8652d3 fallback_xpath=//xh-never-match[@id='downloads_expand_button-broken'] healed_kind=xpath healed_value=//label[normalize-space()='Downloads']/ancestor::li[1]/descendant::button[@type='button' and @aria-label='Toggle'] uniqueness=1.0 stability=0.88 similarity=0.9 overall=0.932
2026-05-25 12:36:03,624 INFO healed_paths element=downloads_expand_button selected_kind=xpath selected_value=//label[normalize-space()='Downloads']/ancestor::li[1]/descendant::button[@type='button' and @aria-label='Toggle'] xpath=//label[normalize-space()='Downloads']/ancestor::li[1]/descendant::button[@type='button' and @aria-label='Toggle'] xpath_source=selected_locator css=[aria-label="Toggle"] css_source=metadata.robust_css
2026-05-25 12:36:03,964 INFO step_screenshot_saved test=test_tc2_checkbox_tree_expand_and_select_desktop__excel step=I_heal_and_click_the_expand_button_for_Downloads keyword=And path=C:\Users\neela\Documents\locator-healer\locator-healer\artifacts\screenshots\layer2_agentic_mcp\test_tc2_checkbox_tree_expand_and_select_desktop__excel__step04__I_heal_and_click_the_expand_button_for_Downloads.png
2026-05-25 12:36:03,969 INFO db_operation backend=DualMetadataRepository operation=find status=ok details={'app_id': 'demo-qa-app', 'page_name': 'checkbox', 'element_name': 'excel_file_doc_checkbox_icon', 'result': 'hit'}
2026-05-25 12:36:03,984 INFO db_operation backend=DualMetadataRepository operation=log_event status=ok details={'app_id': 'demo-qa-app', 'page_name': 'checkbox', 'element_name': 'excel_file_doc_checkbox_icon', 'stage': 'recover_start'}
2026-05-25 12:36:04,007 INFO db_operation backend=DualMetadataRepository operation=log_event status=ok details={'app_id': 'demo-qa-app', 'page_name': 'checkbox', 'element_name': 'excel_file_doc_checkbox_icon', 'stage': 'fallback'}
2026-05-25 12:36:19,327 INFO db_operation backend=DualMetadataRepository operation=log_event status=ok details={'app_id': 'demo-qa-app', 'page_name': 'checkbox', 'element_name': 'excel_file_doc_checkbox_icon', 'stage': 'mcp_explore'}
2026-05-25 12:37:17,768 INFO db_operation backend=DualMetadataRepository operation=upsert status=ok details={'app_id': 'demo-qa-app', 'page_name': 'checkbox', 'element_name': 'excel_file_doc_checkbox_icon', 'field_type': 'checkbox', 'success_count': 38, 'fail_count': 2}
2026-05-25 12:37:17,775 INFO db_operation backend=DualMetadataRepository operation=log_event status=ok details={'app_id': 'demo-qa-app', 'page_name': 'checkbox', 'element_name': 'excel_file_doc_checkbox_icon', 'stage': 'recover_end'}
2026-05-25 12:37:17,777 INFO heal_attempt element=excel_file_doc_checkbox_icon field_type=checkbox status=success strategy=mcp_explore correlation_id=f64f0c5a832042e6af023e1eeae50c52 fallback_xpath=//xh-never-match[@id='excel_file_doc_checkbox_icon-broken'] healed_kind=xpath healed_value=//label[normalize-space()='Excel File.doc']//span[contains(@class,'rct-checkbox')] uniqueness=1.0 stability=0.7 similarity=0.35 overall=0.75
2026-05-25 12:37:17,844 INFO healed_paths element=excel_file_doc_checkbox_icon selected_kind=xpath selected_value=//label[normalize-space()='Excel File.doc']//span[contains(@class,'rct-checkbox')] xpath=//label[normalize-space()='Excel File.doc']//span[contains(@class,'rct-checkbox')] xpath_source=selected_locator css=li.rct-node.rct-node-parent:nth-of-type(1) > ol:nth-of-type(1) > li.rct-node.rct-node-parent:nth-of-type(3) > ol:nth-of-type(1) > li.rct-node.rct-node-leaf:nth-of-type(2) > span.rct-text:nth-of-type(1) > label:nth-of-type(1) > span.rct-checkbox:nth-of-type(1) css_source=metadata.robust_css
2026-05-25 12:37:18,212 INFO step_screenshot_saved test=test_tc2_checkbox_tree_expand_and_select_desktop__excel step=I_heal_and_click_the_Excel_File.doc_checkbox_icon keyword=And path=C:\Users\neela\Documents\locator-healer\locator-healer\artifacts\screenshots\layer2_agentic_mcp\test_tc2_checkbox_tree_expand_and_select_desktop__excel__step05__I_heal_and_click_the_Excel_File.doc_checkbox_icon.png
2026-05-25 12:37:18,523 INFO step_screenshot_saved test=test_tc2_checkbox_tree_expand_and_select_desktop__excel step=I_should_see_checkbox_selection_message_for_Desktop_and_Excel_File keyword=Then path=C:\Users\neela\Documents\locator-healer\locator-healer\artifacts\screenshots\layer2_agentic_mcp\test_tc2_checkbox_tree_expand_and_select_desktop__excel__step06__I_should_see_checkbox_selection_message_for_Desktop_and_Excel_File.png
2026-05-25 12:37:18,829 INFO step_screenshot_saved test=test_tc2_checkbox_tree_expand_and_select_desktop__excel step=trace_logs_should_contain_expected_healing_stages keyword=And path=C:\Users\neela\Documents\locator-healer\locator-healer\artifacts\screenshots\layer2_agentic_mcp\test_tc2_checkbox_tree_expand_and_select_desktop__excel__step07__trace_logs_should_contain_expected_healing_stages.png
2026-05-25 12:37:19,120 INFO screenshot_saved test=test_tc2_checkbox_tree_expand_and_select_desktop__excel path=C:\Users\neela\Documents\locator-healer\locator-healer\artifacts\screenshots\layer2_agentic_mcp\test_tc2_checkbox_tree_expand_and_select_desktop__excel__final.png
2026-05-25 12:37:24,230 INFO video_saved test=test_tc2_checkbox_tree_expand_and_select_desktop__excel path=C:\Users\neela\Documents\locator-healer\locator-healer\artifacts\videos\layer2_agentic_mcp\test_tc2_checkbox_tree_expand_and_select_desktop__excel.webm
2026-05-25 12:37:26,654 INFO browser_started framework=playwright browser=chromium channel= headless=False viewport=1920x1080
2026-05-25 12:37:33,732 INFO step_screenshot_saved test=test_tc3_webtables_first_row_verification step=I_open_the_webtables_demo_page keyword=Given path=C:\Users\neela\Documents\locator-healer\locator-healer\artifacts\screenshots\layer2_agentic_mcp\test_tc3_webtables_first_row_verification__step01__I_open_the_webtables_demo_page.png
2026-05-25 12:37:33,738 INFO db_operation backend=DualMetadataRepository operation=find status=ok details={'app_id': 'demo-qa-app', 'page_name': 'webtables', 'element_name': 'row1_first_name', 'result': 'hit'}
2026-05-25 12:37:33,745 INFO db_operation backend=DualMetadataRepository operation=log_event status=ok details={'app_id': 'demo-qa-app', 'page_name': 'webtables', 'element_name': 'row1_first_name', 'stage': 'recover_start'}
2026-05-25 12:37:33,774 INFO db_operation backend=DualMetadataRepository operation=log_event status=ok details={'app_id': 'demo-qa-app', 'page_name': 'webtables', 'element_name': 'row1_first_name', 'stage': 'fallback'}
2026-05-25 12:37:44,742 INFO db_operation backend=DualMetadataRepository operation=log_event status=ok details={'app_id': 'demo-qa-app', 'page_name': 'webtables', 'element_name': 'row1_first_name', 'stage': 'mcp_explore'}
2026-05-25 12:37:45,761 INFO db_operation backend=DualMetadataRepository operation=upsert status=ok details={'app_id': 'demo-qa-app', 'page_name': 'webtables', 'element_name': 'row1_first_name', 'field_type': 'text', 'success_count': 58, 'fail_count': 1}
2026-05-25 12:37:45,768 INFO db_operation backend=DualMetadataRepository operation=log_event status=ok details={'app_id': 'demo-qa-app', 'page_name': 'webtables', 'element_name': 'row1_first_name', 'stage': 'recover_end'}
2026-05-25 12:37:45,770 INFO heal_attempt element=row1_first_name field_type=text status=success strategy=mcp_explore correlation_id=f12f03ba8c6349988503f08db0b634d9 fallback_xpath=//xh-never-match[@id='row1_first_name-broken'] healed_kind=xpath healed_value=//div[@role='gridcell' and normalize-space()='Cierra'] uniqueness=1.0 stability=0.91 similarity=1.0 overall=0.964
2026-05-25 12:37:45,836 INFO healed_paths element=row1_first_name selected_kind=xpath selected_value=//div[@role='gridcell' and normalize-space()='Cierra'] xpath=//div[@role='gridcell' and normalize-space()='Cierra'] xpath_source=selected_locator css=div.col-12.mt-4:nth-of-type(2) > div.web-tables-wrapper:nth-of-type(2) > div.ReactTable.-striped:nth-of-type(3) > div.rt-table:nth-of-type(1) > div.rt-tbody:nth-of-type(2) > div.rt-tr-group:nth-of-type(1) > div.rt-tr.-odd:nth-of-type(1) > div.rt-td:nth-of-type(1) css_source=metadata.robust_css
2026-05-25 12:37:46,303 INFO step_screenshot_saved test=test_tc3_webtables_first_row_verification step=I_heal_and_verify_the_first_row_first_name_is_Cierra keyword=When path=C:\Users\neela\Documents\locator-healer\locator-healer\artifacts\screenshots\layer2_agentic_mcp\test_tc3_webtables_first_row_verification__step02__I_heal_and_verify_the_first_row_first_name_is_Cierra.png
2026-05-25 12:37:46,310 INFO db_operation backend=DualMetadataRepository operation=find status=ok details={'app_id': 'demo-qa-app', 'page_name': 'webtables', 'element_name': 'row1_last_name_vega', 'result': 'hit'}
2026-05-25 12:37:46,324 INFO db_operation backend=DualMetadataRepository operation=log_event status=ok details={'app_id': 'demo-qa-app', 'page_name': 'webtables', 'element_name': 'row1_last_name_vega', 'stage': 'recover_start'}
2026-05-25 12:37:46,346 INFO db_operation backend=DualMetadataRepository operation=log_event status=ok details={'app_id': 'demo-qa-app', 'page_name': 'webtables', 'element_name': 'row1_last_name_vega', 'stage': 'fallback'}
2026-05-25 12:37:53,163 INFO db_operation backend=DualMetadataRepository operation=log_event status=ok details={'app_id': 'demo-qa-app', 'page_name': 'webtables', 'element_name': 'row1_last_name_vega', 'stage': 'mcp_explore'}
2026-05-25 12:37:54,252 INFO db_operation backend=DualMetadataRepository operation=upsert status=ok details={'app_id': 'demo-qa-app', 'page_name': 'webtables', 'element_name': 'row1_last_name_vega', 'field_type': 'text', 'success_count': 58, 'fail_count': 0}
2026-05-25 12:37:54,259 INFO db_operation backend=DualMetadataRepository operation=log_event status=ok details={'app_id': 'demo-qa-app', 'page_name': 'webtables', 'element_name': 'row1_last_name_vega', 'stage': 'recover_end'}
2026-05-25 12:37:54,261 INFO heal_attempt element=row1_last_name_vega field_type=text status=success strategy=mcp_explore correlation_id=c048556373f64ce1b351aca72edf2d27 fallback_xpath=//xh-never-match[@id='row1_last_name_vega-broken'] healed_kind=xpath healed_value=//div[@role='gridcell' and normalize-space()='Vega'] uniqueness=1.0 stability=0.91 similarity=1.0 overall=0.964
2026-05-25 12:37:54,327 INFO healed_paths element=row1_last_name_vega selected_kind=xpath selected_value=//div[@role='gridcell' and normalize-space()='Vega'] xpath=//div[@role='gridcell' and normalize-space()='Vega'] xpath_source=selected_locator css=div.col-12.mt-4:nth-of-type(2) > div.web-tables-wrapper:nth-of-type(2) > div.ReactTable.-striped:nth-of-type(3) > div.rt-table:nth-of-type(1) > div.rt-tbody:nth-of-type(2) > div.rt-tr-group:nth-of-type(1) > div.rt-tr.-odd:nth-of-type(1) > div.rt-td:nth-of-type(2) css_source=metadata.robust_css
2026-05-25 12:37:54,791 INFO step_screenshot_saved test=test_tc3_webtables_first_row_verification step=I_heal_and_verify_the_first_row_last_name_is_one_of keyword=Then path=C:\Users\neela\Documents\locator-healer\locator-healer\artifacts\screenshots\layer2_agentic_mcp\test_tc3_webtables_first_row_verification__step03__I_heal_and_verify_the_first_row_last_name_is_one_of.png
2026-05-25 12:37:55,079 INFO step_screenshot_saved test=test_tc3_webtables_first_row_verification step=trace_logs_should_contain_expected_healing_stages keyword=And path=C:\Users\neela\Documents\locator-healer\locator-healer\artifacts\screenshots\layer2_agentic_mcp\test_tc3_webtables_first_row_verification__step04__trace_logs_should_contain_expected_healing_stages.png
2026-05-25 12:37:55,365 INFO screenshot_saved test=test_tc3_webtables_first_row_verification path=C:\Users\neela\Documents\locator-healer\locator-healer\artifacts\screenshots\layer2_agentic_mcp\test_tc3_webtables_first_row_verification__final.png
2026-05-25 12:37:55,580 INFO video_saved test=test_tc3_webtables_first_row_verification path=C:\Users\neela\Documents\locator-healer\locator-healer\artifacts\videos\layer2_agentic_mcp\test_tc3_webtables_first_row_verification.webm
